Archive member included to satisfy reference by file (symbol)

../../libDaisy/build\libdaisy.a(daisy_patch.o)
                              build/Granular.o (daisy::DaisyPatch::StartAudio(void (*)(float const* const*, float**, unsigned int)))
../../libDaisy/build\libdaisy.a(daisy_seed.o)
                              ../../libDaisy/build\libdaisy.a(daisy_patch.o) (daisy::DaisySeed::Configure())
../../libDaisy/build\libdaisy.a(codec_ak4556.o)
                              ../../libDaisy/build\libdaisy.a(daisy_patch.o) (daisy::Ak4556::Init(daisy::Pin))
../../libDaisy/build\libdaisy.a(codec_wm8731.o)
                              ../../libDaisy/build\libdaisy.a(daisy_seed.o) (daisy::Wm8731::Init(daisy::Wm8731::Config const&, daisy::I2CHandle))
../../libDaisy/build\libdaisy.a(sdram.o)
                              ../../libDaisy/build\libdaisy.a(daisy_seed.o) (SdramHandle::Init())
../../libDaisy/build\libdaisy.a(audio.o)
                              ../../libDaisy/build\libdaisy.a(daisy_seed.o) (daisy::AudioHandle::Init(daisy::AudioHandle::Config const&, daisy::SaiHandle))
../../libDaisy/build\libdaisy.a(ctrl.o)
                              ../../libDaisy/build\libdaisy.a(daisy_patch.o) (daisy::AnalogControl::Init(unsigned short*, float, bool, bool, float))
../../libDaisy/build\libdaisy.a(encoder.o)
                              ../../libDaisy/build\libdaisy.a(daisy_patch.o) (daisy::Encoder::Init(daisy::Pin, daisy::Pin, daisy::Pin, float))
../../libDaisy/build\libdaisy.a(gatein.o)
                              ../../libDaisy/build\libdaisy.a(daisy_patch.o) (daisy::GateIn::Init(daisy::Pin, bool))
../../libDaisy/build\libdaisy.a(midi.o)
                              build/Granular.o (daisy::MidiUartTransport::Config::Config())
../../libDaisy/build\libdaisy.a(midi_parser.o)
                              build/Granular.o (daisy::MidiParser::Parse(unsigned char, daisy::MidiEvent*))
../../libDaisy/build\libdaisy.a(switch.o)
                              ../../libDaisy/build\libdaisy.a(encoder.o) (daisy::Switch::Init(daisy::Pin, float))
../../libDaisy/build\libdaisy.a(usb.o)
                              build/Granular.o (daisy::UsbHandle::Init(daisy::UsbHandle::UsbPeriph))
../../libDaisy/build\libdaisy.a(usb_midi.o)
                              build/Granular.o (daisy::MidiUsbTransport::Init(daisy::MidiUsbTransport::Config))
../../libDaisy/build\libdaisy.a(adc.o)
                              ../../libDaisy/build\libdaisy.a(daisy_patch.o) (daisy::AdcChannelConfig::InitSingle(daisy::Pin, daisy::AdcChannelConfig::ConversionSpeed))
../../libDaisy/build\libdaisy.a(dac.o)
                              build/Granular.o (daisy::DacHandle::Init(daisy::DacHandle::Config const&))
../../libDaisy/build\libdaisy.a(gpio.o)
                              ../../libDaisy/build\libdaisy.a(daisy_seed.o) (daisy::GPIO::Init(daisy::GPIO::Config const&))
../../libDaisy/build\libdaisy.a(i2c.o)
                              ../../libDaisy/build\libdaisy.a(daisy_seed.o) (daisy::I2CHandle::Init(daisy::I2CHandle::Config const&))
../../libDaisy/build\libdaisy.a(qspi.o)
                              ../../libDaisy/build\libdaisy.a(daisy_seed.o) (daisy::QSPIHandle::Init(daisy::QSPIHandle::Config const&))
../../libDaisy/build\libdaisy.a(sai.o)
                              ../../libDaisy/build\libdaisy.a(daisy_patch.o) (daisy::SaiHandle::Init(daisy::SaiHandle::Config const&))
../../libDaisy/build\libdaisy.a(spi.o)
                              ../../libDaisy/build\libdaisy.a(daisy_patch.o) (daisy::SpiHandle::Init(daisy::SpiHandle::Config const&))
../../libDaisy/build\libdaisy.a(uart.o)
                              build/Granular.o (daisy::UartHandler::Init(daisy::UartHandler::Config const&))
../../libDaisy/build\libdaisy.a(dma.o)
                              build/Granular.o (dsy_dma_clear_cache_for_buffer)
../../libDaisy/build\libdaisy.a(system.o)
                              ../../libDaisy/build\libdaisy.a(daisy_seed.o) (daisy::System::DeInit())
../../libDaisy/build\libdaisy.a(system_stm32h7xx.o)
                              build/startup_stm32h750xx.o (SystemInit)
../../libDaisy/build\libdaisy.a(usbd_cdc_if.o)
                              ../../libDaisy/build\libdaisy.a(usb.o) (CDC_Transmit_FS)
../../libDaisy/build\libdaisy.a(usbd_conf.o)
                              ../../libDaisy/build\libdaisy.a(system.o) (hpcd_USB_OTG_HS)
../../libDaisy/build\libdaisy.a(usbd_desc.o)
                              ../../libDaisy/build\libdaisy.a(usb.o) (HS_Desc)
../../libDaisy/build\libdaisy.a(usbh_conf.o)
                              ../../libDaisy/build\libdaisy.a(system.o) (hhcd_USB_OTG_HS)
../../libDaisy/build\libdaisy.a(oled_fonts.o)
                              build/Granular.o (Font_7x10)
../../libDaisy/build\libdaisy.a(stm32h7xx_hal.o)
                              ../../libDaisy/build\libdaisy.a(system.o) (HAL_Init)
../../libDaisy/build\libdaisy.a(stm32h7xx_hal_adc.o)
[...]
Memory Configuration

Name             Origin             Length             Attributes
FLASH            0x08000000         0x00020000         xr
DTCMRAM          0x20000000         0x00020000         xrw
SRAM             0x24000000         0x00080000         xrw
RAM_D2           0x30000000         0x00048000         xrw
RAM_D3           0x38000000         0x00010000         xrw
BACKUP_SRAM      0x38800000         0x00001000         xrw
ITCMRAM          0x00000000         0x00010000         xrw
SDRAM            0xc0000000         0x04000000         xrw
QSPIFLASH        0x90000000         0x00800000         xr
*default*        0x00000000         0xffffffff

Linker script and memory map

LOAD c:/program files/daisytoolchain/bin/../lib/gcc/arm-none-eabi/10.2.1/thumb/v7e-m+dp/hard/crti.o
LOAD c:/program files/daisytoolchain/bin/../lib/gcc/arm-none-eabi/10.2.1/thumb/v7e-m+dp/hard/crtbegin.o
LOAD c:/program files/daisytoolchain/bin/../lib/gcc/arm-none-eabi/10.2.1/../../../../arm-none-eabi/lib/thumb/v7e-m+dp/hard/crt0.o
LOAD build/startup_stm32h750xx.o
LOAD build/Granular.o
LOAD ../../libDaisy/build\libdaisy.a
LOAD c:/program files/daisytoolchain/bin/../lib/gcc/arm-none-eabi/10.2.1/../../../../arm-none-eabi/lib/thumb/v7e-m+dp/hard\libnosys.a
LOAD ../../DaisySP/build\libdaisysp.a
LOAD c:/program files/daisytoolchain/bin/../lib/gcc/arm-none-eabi/10.2.1/../../../../arm-none-eabi/lib/thumb/v7e-m+dp/hard\libstdc++_nano.a
LOAD c:/program files/daisytoolchain/bin/../lib/gcc/arm-none-eabi/10.2.1/../../../../arm-none-eabi/lib/thumb/v7e-m+dp/hard\libm.a
LOAD c:/program files/daisytoolchain/bin/../lib/gcc/arm-none-eabi/10.2.1/../../../../arm-none-eabi/lib/thumb/v7e-m+dp/hard\libc_nano.a
START GROUP
LOAD c:/program files/daisytoolchain/bin/../lib/gcc/arm-none-eabi/10.2.1/thumb/v7e-m+dp/hard\libgcc.a
LOAD c:/program files/daisytoolchain/bin/../lib/gcc/arm-none-eabi/10.2.1/../../../../arm-none-eabi/lib/thumb/v7e-m+dp/hard\libc_nano.a
END GROUP
START GROUP
LOAD c:/program files/daisytoolchain/bin/../lib/gcc/arm-none-eabi/10.2.1/thumb/v7e-m+dp/hard\libgcc.a
LOAD c:/program files/daisytoolchain/bin/../lib/gcc/arm-none-eabi/10.2.1/../../../../arm-none-eabi/lib/thumb/v7e-m+dp/hard\libc_nano.a
LOAD c:/program files/daisytoolchain/bin/../lib/gcc/arm-none-eabi/10.2.1/../../../../arm-none-eabi/lib/thumb/v7e-m+dp/hard\libnosys.a
END GROUP
START GROUP
LOAD c:/program files/daisytoolchain/bin/../lib/gcc/arm-none-eabi/10.2.1/thumb/v7e-m+dp/hard\libgcc.a
LOAD c:/program files/daisytoolchain/bin/../lib/gcc/arm-none-eabi/10.2.1/../../../../arm-none-eabi/lib/thumb/v7e-m+dp/hard\libc_nano.a
LOAD c:/program files/daisytoolchain/bin/../lib/gcc/arm-none-eabi/10.2.1/../../../../arm-none-eabi/lib/thumb/v7e-m+dp/hard\libnosys.a
END GROUP
LOAD c:/program files/daisytoolchain/bin/../lib/gcc/arm-none-eabi/10.2.1/thumb/v7e-m+dp/hard/crtend.o
LOAD c:/program files/daisytoolchain/bin/../lib/gcc/arm-none-eabi/10.2.1/thumb/v7e-m+dp/hard/crtn.o
                0x20020000                _estack = 0x20020000

.isr_vector     0x08000000      0x298
                0x08000000                . = ALIGN (0x4)
 *(.isr_vector)
 .isr_vector    0x08000000      0x298 build/startup_stm32h750xx.o
                0x08000000                g_pfnVectors
                0x08000298                . = ALIGN (0x4)

.text           0x080002a0    0x1e718
                0x080002a0                . = ALIGN (0x4)
                0x080002a0                _stext = .
 *(.text)
 .text          0x080002a0       0x40 c:/program files/daisytoolchain/bin/../lib/gcc/arm-none-eabi/10.2.1/thumb/v7e-m+dp/hard/crtbegin.o
 .text          0x080002e0       0x14 c:/program files/daisytoolchain/bin/../lib/gcc/arm-none-eabi/10.2.1/../../../../arm-none-eabi/lib/thumb/v7e-m+dp/hard\libc_nano.a(lib_a-strcmp.o)
                0x080002e0                strcmp
 *fill*         0x080002f4        0xc 
 .text          0x08000300       0xa0 c:/program files/daisytoolchain/bin/../lib/gcc/arm-none-eabi/10.2.1/../../../../arm-none-eabi/lib/thumb/v7e-m+dp/hard\libc_nano.a(lib_a-memchr.o)
                0x08000300                memchr
 .text          0x080003a0      0x378 c:/program files/daisytoolchain/bin/../lib/gcc/arm-none-eabi/10.2.1/thumb/v7e-m+dp/hard\libgcc.a(_arm_addsubdf3.o)
                0x080003a0                __aeabi_drsub
                0x080003a8                __aeabi_dsub
                0x080003a8                __subdf3
                0x080003ac                __aeabi_dadd
                0x080003ac                __adddf3
                0x08000624                __floatunsidf
                0x08000624                __aeabi_ui2d
                0x08000644                __floatsidf
                0x08000644                __aeabi_i2d
                0x08000668                __aeabi_f2d
                0x08000668                __extendsfdf2
                0x080006ac                __floatundidf
                0x080006ac                __aeabi_ul2d
                0x080006bc                __floatdidf
                0x080006bc                __aeabi_l2d
 .text          0x08000718       0xa0 c:/program files/daisytoolchain/bin/../lib/gcc/arm-none-eabi/10.2.1/thumb/v7e-m+dp/hard\libgcc.a(_aeabi_ldivmod.o)
                0x08000718                __aeabi_ldivmod
 .text          0x080007b8       0x30 c:/program files/daisytoolchain/bin/../lib/gcc/arm-none-eabi/10.2.1/thumb/v7e-m+dp/hard\libgcc.a(_aeabi_uldivmod.o)
                0x080007b8                __aeabi_uldivmod
 .text          0x080007e8      0x2d0 c:/program files/daisytoolchain/bin/../lib/gcc/arm-none-eabi/10.2.1/thumb/v7e-m+dp/hard\libgcc.a(_udivmoddi4.o)
                0x080007e8                __udivmoddi4
 .text          0x08000ab8        0x4 c:/program files/daisytoolchain/bin/../lib/gcc/arm-none-eabi/10.2.1/thumb/v7e-m+dp/hard\libgcc.a(_dvmd_tls.o)
                0x08000ab8                __aeabi_idiv0
                0x08000ab8                __aeabi_ldiv0
 *(.text*)
 .text.Default_Handler
                0x08000abc        0xa build/startup_stm32h750xx.o
                0x08000abc                RTC_Alarm_IRQHandler
                0x08000abc                HASH_RNG_IRQHandler
                0x08000abc                EXTI2_IRQHandler
                0x08000abc                TIM8_CC_IRQHandler
                0x08000abc                HRTIM1_Master_IRQHandler
                0x08000abc                DebugMon_Handler
                0x08000abc                TIM1_CC_IRQHandler
                0x08000abc                BDMA_Channel6_IRQHandler
                0x08000abc                DMA2_Stream5_IRQHandler
                0x08000abc                HRTIM1_FLT_IRQHandler
                0x08000abc                JPEG_IRQHandler
                0x08000abc                BDMA_Channel1_IRQHandler
                0x08000abc                HRTIM1_TIMD_IRQHandler
                0x08000abc                TAMP_STAMP_IRQHandler
                0x08000abc                PendSV_Handler
                0x08000abc                NMI_Handler
                0x08000abc                EXTI3_IRQHandler
                0x08000abc                LPTIM4_IRQHandler
                0x08000abc                TIM8_TRG_COM_TIM14_IRQHandler
                0x08000abc                LPTIM2_IRQHandler
                0x08000abc                DFSDM1_FLT1_IRQHandler
                0x08000abc                DMAMUX2_OVR_IRQHandler
                0x08000abc                TIM8_UP_TIM13_IRQHandler
                0x08000abc                I2C3_ER_IRQHandler
                0x08000abc                DFSDM1_FLT2_IRQHandler
                0x08000abc                MDMA_IRQHandler
                0x08000abc                LPTIM3_IRQHandler
                0x08000abc                HSEM1_IRQHandler
                0x08000abc                EXTI0_IRQHandler
                0x08000abc                FPU_IRQHandler
                0x08000abc                OTG_HS_WKUP_IRQHandler
                0x08000abc                FDCAN1_IT1_IRQHandler
                0x08000abc                UsageFault_Handler
                0x08000abc                LTDC_ER_IRQHandler
                0x08000abc                HRTIM1_TIME_IRQHandler
                0x08000abc                DCMI_IRQHandler
                0x08000abc                HRTIM1_TIMC_IRQHandler
                0x08000abc                SAI2_IRQHandler
                0x08000abc                DFSDM1_FLT3_IRQHandler
                0x08000abc                TIM17_IRQHandler
                0x08000abc                CRYP_IRQHandler
                0x08000abc                BDMA_Channel7_IRQHandler
                0x08000abc                LPTIM5_IRQHandler
                0x08000abc                ADC3_IRQHandler
                0x08000abc                BDMA_Channel2_IRQHandler
                0x08000abc                DMAMUX1_OVR_IRQHandler
                0x08000abc                TIM16_IRQHandler
                0x08000abc                BDMA_Channel5_IRQHandler
                0x08000abc                RCC_IRQHandler
                0x08000abc                TIM8_BRK_TIM12_IRQHandler
                0x08000abc                TIM1_TRG_COM_IRQHandler
                0x08000abc                Default_Handler
                0x08000abc                ECC_IRQHandler
                0x08000abc                CEC_IRQHandler
                0x08000abc                EXTI15_10_IRQHandler
                0x08000abc                BDMA_Channel0_IRQHandler
                0x08000abc                ADC_IRQHandler
                0x08000abc                DMA1_Stream7_IRQHandler
                0x08000abc                HRTIM1_TIMA_IRQHandler
                0x08000abc                TIM7_IRQHandler
                0x08000abc                SDMMC1_IRQHandler
                0x08000abc                DMA2_Stream7_IRQHandler
                0x08000abc                TIM15_IRQHandler
                0x08000abc                PVD_AVD_IRQHandler
                0x08000abc                EXTI9_5_IRQHandler
                0x08000abc                RTC_WKUP_IRQHandler
                0x08000abc                LTDC_IRQHandler
                0x08000abc                SAI3_IRQHandler
                0x08000abc                ETH_WKUP_IRQHandler
                0x08000abc                SPDIF_RX_IRQHandler
                0x08000abc                MemManage_Handler
                0x08000abc                SVC_Handler
                0x08000abc                CRS_IRQHandler
                0x08000abc                EXTI4_IRQHandler
                0x08000abc                HRTIM1_TIMB_IRQHandler
                0x08000abc                FDCAN2_IT1_IRQHandler
                0x08000abc                ETH_IRQHandler
                0x08000abc                TIM1_UP_IRQHandler
                0x08000abc                BDMA_Channel4_IRQHandler
                0x08000abc                WWDG_IRQHandler
                0x08000abc                SPI6_IRQHandler
                0x08000abc                I2C4_EV_IRQHandler
                0x08000abc                MDIOS_IRQHandler
                0x08000abc                FDCAN2_IT0_IRQHandler
                0x08000abc                FDCAN1_IT0_IRQHandler
                0x08000abc                OTG_FS_WKUP_IRQHandler
                0x08000abc                DMA2D_IRQHandler
                0x08000abc                TIM1_BRK_IRQHandler
                0x08000abc                EXTI1_IRQHandler
                0x08000abc                SDMMC2_IRQHandler
                0x08000abc                BDMA_Channel3_IRQHandler
                0x08000abc                MDIOS_WKUP_IRQHandler
                0x08000abc                DFSDM1_FLT0_IRQHandler
                0x08000abc                SAI4_IRQHandler
                0x08000abc                I2C2_ER_IRQHandler
                0x08000abc                FLASH_IRQHandler
                0x08000abc                BusFault_Handler
                0x08000abc                WAKEUP_PIN_IRQHandler
                0x08000abc                I2C1_ER_IRQHandler
                0x08000abc                FMC_IRQHandler
                0x08000abc                FDCAN_CAL_IRQHandler
                0x08000abc                SWPMI1_IRQHandler
                0x08000abc                COMP1_IRQHandler
                0x08000abc                LPTIM1_IRQHandler
                0x08000abc                I2C4_ER_IRQHandler
                0x08000abc                DMA2_Stream6_IRQHandler
                0x08000abc                SAI1_IRQHandler
 *fill*         0x08000ac6        0x2 
 .text.Reset_Handler
                0x08000ac8       0x3c build/startup_stm32h750xx.o
                0x08000ac8                Reset_Handler
 .text._ZN5daisy10DaisyPatchD2Ev
                0x08000b04        0x2 build/Granular.o
                0x08000b04                daisy::DaisyPatch::~DaisyPatch()
                0x08000b04                daisy::DaisyPatch::~DaisyPatch()
 .text._ZN7daisysp3SvfD2Ev
                0x08000b06        0x2 build/Granular.o
                0x08000b06                daisysp::Svf::~Svf()
                0x08000b06                daisysp::Svf::~Svf()
 .text._ZN7daisysp6ChorusD2Ev
                0x08000b08        0x2 build/Granular.o
                0x08000b08                daisysp::Chorus::~Chorus()
                0x08000b08                daisysp::Chorus::~Chorus()
 .text._ZN7daisysp9DecimatorD2Ev
                0x08000b0a        0x2 build/Granular.o
                0x08000b0a                daisysp::Decimator::~Decimator()
                0x08000b0a                daisysp::Decimator::~Decimator()
 .text._ZN7daisysp10WavefolderD2Ev
                0x08000b0c        0x2 build/Granular.o
                0x08000b0c                daisysp::Wavefolder::~Wavefolder()
                0x08000b0c                daisysp::Wavefolder::~Wavefolder()
 .text._ZN5daisy11MidiHandlerINS_17MidiUartTransportEED2Ev
                0x08000b0e        0x2 build/Granular.o
                0x08000b0e                daisy::MidiHandler<daisy::MidiUartTransport>::~MidiHandler()
                0x08000b0e                daisy::MidiHandler<daisy::MidiUartTransport>::~MidiHandler()
 .text._ZN5daisy11OledDisplayINS_13SSD130xDriverILj128ELj64ENS_24SSD130x4WireSpiTransportEEEED2Ev
                0x08000b10        0x2 build/Granular.o
                0x08000b10                daisy::OledDisplay<daisy::SSD130xDriver<128u, 64u, daisy::SSD130x4WireSpiTransport> >::~OledDisplay()
                0x08000b10                daisy::OledDisplay<daisy::SSD130xDriver<128u, 64u, daisy::SSD130x4WireSpiTransport> >::~OledDisplay()
 .text._ZNK5daisy11OledDisplayINS_13SSD130xDriverILj128ELj64ENS_24SSD130x4WireSpiTransportEEEE6HeightEv
                0x08000b12        0x4 build/Granular.o
                0x08000b12                daisy::OledDisplay<daisy::SSD130xDriver<128u, 64u, daisy::SSD130x4WireSpiTransport> >::Height() const
 .text._ZNK5daisy11OledDisplayINS_13SSD130xDriverILj128ELj64ENS_24SSD130x4WireSpiTransportEEEE5WidthEv
                0x08000b16        0x4 build/Granular.o
                0x08000b16                daisy::OledDisplay<daisy::SSD130xDriver<128u, 64u, daisy::SSD130x4WireSpiTransport> >::Width() const
 .text._ZN5daisy11OledDisplayINS_13SSD130xDriverILj128ELj64ENS_24SSD130x4WireSpiTransportEEEE14UpdateFinishedEv
                0x08000b1a        0x4 build/Granular.o
                0x08000b1a                daisy::OledDisplay<daisy::SSD130xDriver<128u, 64u, daisy::SSD130x4WireSpiTransport> >::UpdateFinished()
 .text._ZN5daisy11MidiHandlerINS_16MidiUsbTransportEED2Ev
                0x08000b1e        0x2 build/Granular.o
                0x08000b1e                daisy::MidiHandler<daisy::MidiUsbTransport>::~MidiHandler()
                0x08000b1e                daisy::MidiHandler<daisy::MidiUsbTransport>::~MidiHandler()
 .text._ZN12SampleBufferILj57330EED2Ev
                0x08000b20        0x2 build/Granular.o
                0x08000b20                SampleBuffer<57330u>::~SampleBuffer()
                0x08000b20                SampleBuffer<57330u>::~SampleBuffer()
 .text._ZN5daisy11OledDisplayINS_13SSD130xDriverILj128ELj64ENS_24SSD130x4WireSpiTransportEEEED0Ev
                0x08000b22       0x10 build/Granular.o
                0x08000b22                daisy::OledDisplay<daisy::SSD130xDriver<128u, 64u, daisy::SSD130x4WireSpiTransport> >::~OledDisplay()
 .text._ZN5daisy17MidiUartTransport10rxCallbackEPhjPvNS_11UartHandler6ResultE
                0x08000b32        0xc build/Granular.o
                0x08000b32                daisy::MidiUartTransport::rxCallback(unsigned char*, unsigned int, void*, daisy::UartHandler::Result)
 .text._ZN5daisy4GPIO6ConfigC2Ev
                0x08000b3e       0x12 build/Granular.o
                0x08000b3e                daisy::GPIO::Config::Config()
                0x08000b3e                daisy::GPIO::Config::Config()
 .text._ZN5daisy17MidiUartTransport7StartRxEPFvPhjPvES2_
                0x08000b50       0x24 build/Granular.o
                0x08000b50                daisy::MidiUartTransport::StartRx(void (*)(unsigned char*, unsigned int, void*), void*)
 .text._ZNK5daisy6Switch10RisingEdgeEv
                0x08000b74       0x12 build/Granular.o
                0x08000b74                daisy::Switch::RisingEdge() const
 .text._ZN5daisy6GateIn5StateEv
                0x08000b86       0x1a build/Granular.o
                0x08000b86                daisy::GateIn::State()
 .text._ZN5daisy21OneBitGraphicsDisplay9SetCursorEtt
                0x08000ba0       0x3c build/Granular.o
                0x08000ba0                daisy::OneBitGraphicsDisplay::SetCursor(unsigned short, unsigned short)
 .text._ZN5daisy24SSD130x4WireSpiTransport11SendCommandEh
                0x08000bdc       0x22 build/Granular.o
                0x08000bdc                daisy::SSD130x4WireSpiTransport::SendCommand(unsigned char)
 *fill*         0x08000bfe        0x2 
 .text._ZN5daisy10DaisyPatchC2Ev
                0x08000c00       0xc8 build/Granular.o
                0x08000c00                daisy::DaisyPatch::DaisyPatch()
                0x08000c00                daisy::DaisyPatch::DaisyPatch()
 .text._Z25UpdateDSPEffectParametersi
                0x08000cc8      0x160 build/Granular.o
                0x08000cc8                UpdateDSPEffectParameters(int)
 .text._Z15QuantizeToScalef9ScaleType
                0x08000e28       0x98 build/Granular.o
                0x08000e28                QuantizeToScale(float, ScaleType)
 .text._Z12LoadSettingsv
                0x08000ec0      0x10c build/Granular.o
                0x08000ec0                LoadSettings()
 .text._Z12SaveSettingsv
                0x08000fcc       0xf4 build/Granular.o
                0x08000fcc                SaveSettings()
 .text._Z17HandleMidiMessageN5daisy9MidiEventE
                0x080010c0      0x218 build/Granular.o
                0x080010c0                HandleMidiMessage(daisy::MidiEvent)
 .text._ZNK14CircularBuffer14GetFillSamplesEv
                0x080012d8       0x10 build/Granular.o
                0x080012d8                CircularBuffer::GetFillSamples() const
 .text._ZZN14CircularBuffer4ReadEvENKUlxE_clEx
                0x080012e8       0x3a build/Granular.o
                0x080012e8                CircularBuffer::Read()::{lambda(long long)#1}::operator()(long long) const
 *fill*         0x08001322        0x2 
 .text._ZN14CircularBuffer4ReadEv
                0x08001324      0x1b8 build/Granular.o
                0x08001324                CircularBuffer::Read()
 .text._Z14UpdateCPUUsagev
                0x080014dc       0x28 build/Granular.o
                0x080014dc                UpdateCPUUsage()
 .text._Z13AudioCallbackPKPKfPPfj
                0x08001504      0x8e4 build/Granular.o
                0x08001504                AudioCallback(float const* const*, float**, unsigned int)
 .text._ZN12SampleBufferILj57330EE4InitEv
                0x08001de8       0x1c build/Granular.o
                0x08001de8                SampleBuffer<57330u>::Init()
 .text._Z14UpdateControlsv
                0x08001e04      0xb7c build/Granular.o
                0x08001e04                UpdateControls()
 .text._ZN5daisy13SSD130xDriverILj128ELj64ENS_24SSD130x4WireSpiTransportEE4FillEb
                0x08002980       0x14 build/Granular.o
                0x08002980                daisy::SSD130xDriver<128u, 64u, daisy::SSD130x4WireSpiTransport>::Fill(bool)
 .text._ZN5daisy11OledDisplayINS_13SSD130xDriverILj128ELj64ENS_24SSD130x4WireSpiTransportEEEE4FillEb
                0x08002994        0xa build/Granular.o
                0x08002994                daisy::OledDisplay<daisy::SSD130xDriver<128u, 64u, daisy::SSD130x4WireSpiTransport> >::Fill(bool)
 .text._ZN5daisy13SSD130xDriverILj128ELj64ENS_24SSD130x4WireSpiTransportEE6UpdateEv
                0x0800299e       0x44 build/Granular.o
                0x0800299e                daisy::SSD130xDriver<128u, 64u, daisy::SSD130x4WireSpiTransport>::Update()
 .text._ZN5daisy11OledDisplayINS_13SSD130xDriverILj128ELj64ENS_24SSD130x4WireSpiTransportEEEE6UpdateEv
                0x080029e2        0xa build/Granular.o
                0x080029e2                daisy::OledDisplay<daisy::SSD130xDriver<128u, 64u, daisy::SSD130x4WireSpiTransport> >::Update()
 .text._ZNK5daisy8FIFOBaseINS_9MidiEventEE14GetNumElementsEv
                0x080029ec       0x10 build/Granular.o
                0x080029ec                daisy::FIFOBase<daisy::MidiEvent>::GetNumElements() const
 .text._ZN5daisy8FIFOBaseINS_9MidiEventEE8PushBackERKS1_.isra.0
                0x080029fc       0x36 build/Granular.o
 .text._ZN5daisy11MidiHandlerINS_17MidiUartTransportEE13ParseCallbackEPhjPv
                0x08002a32       0x30 build/Granular.o
                0x08002a32                daisy::MidiHandler<daisy::MidiUartTransport>::ParseCallback(unsigned char*, unsigned int, void*)
 .text._ZN5daisy11MidiHandlerINS_16MidiUsbTransportEE13ParseCallbackEPhjPv
                0x08002a62       0x30 build/Granular.o
                0x08002a62                daisy::MidiHandler<daisy::MidiUsbTransport>::ParseCallback(unsigned char*, unsigned int, void*)
 .text._ZN5daisy8FIFOBaseINS_9MidiEventEE8PopFrontEv
                0x08002a92       0x46 build/Granular.o
                0x08002a92                daisy::FIFOBase<daisy::MidiEvent>::PopFront()
 .text._ZN5daisy13SSD130xDriverILj128ELj64ENS_24SSD130x4WireSpiTransportEE9DrawPixelEjjb
                0x08002ad8       0x32 build/Granular.o
                0x08002ad8                daisy::SSD130xDriver<128u, 64u, daisy::SSD130x4WireSpiTransport>::DrawPixel(unsigned int, unsigned int, bool)
 .text._ZN5daisy11OledDisplayINS_13SSD130xDriverILj128ELj64ENS_24SSD130x4WireSpiTransportEEEE9DrawPixelEjjb
                0x08002b0a        0xa build/Granular.o
                0x08002b0a                daisy::OledDisplay<daisy::SSD130xDriver<128u, 64u, daisy::SSD130x4WireSpiTransport> >::DrawPixel(unsigned int, unsigned int, bool)
 .text._ZN5daisy25OneBitGraphicsDisplayImplINS_11OledDisplayINS_13SSD130xDriverILj128ELj64ENS_24SSD130x4WireSpiTransportEEEEEE8DrawLineEjjjjb
                0x08002b14       0x9a build/Granular.o
                0x08002b14                daisy::OneBitGraphicsDisplayImpl<daisy::OledDisplay<daisy::SSD130xDriver<128u, 64u, daisy::SSD130x4WireSpiTransport> > >::DrawLine(unsigned int, unsigned int, unsigned int, unsigned int, bool)
 .text._ZN5daisy25OneBitGraphicsDisplayImplINS_11OledDisplayINS_13SSD130xDriverILj128ELj64ENS_24SSD130x4WireSpiTransportEEEEEE8DrawRectEjjjjbb.part.0
                0x08002bae       0x36 build/Granular.o
 .text._ZN5daisy25OneBitGraphicsDisplayImplINS_11OledDisplayINS_13SSD130xDriverILj128ELj64ENS_24SSD130x4WireSpiTransportEEEEEE8DrawRectEjjjjbb
                0x08002be4       0x66 build/Granular.o
                0x08002be4                daisy::OneBitGraphicsDisplayImpl<daisy::OledDisplay<daisy::SSD130xDriver<128u, 64u, daisy::SSD130x4WireSpiTransport> > >::DrawRect(unsigned int, unsigned int, unsigned int, unsigned int, bool, bool)
 .text._ZN5daisy25OneBitGraphicsDisplayImplINS_11OledDisplayINS_13SSD130xDriverILj128ELj64ENS_24SSD130x4WireSpiTransportEEEEEE9WriteCharEc7FontDefb
                0x08002c4a       0xa8 build/Granular.o
                0x08002c4a                daisy::OneBitGraphicsDisplayImpl<daisy::OledDisplay<daisy::SSD130xDriver<128u, 64u, daisy::SSD130x4WireSpiTransport> > >::WriteChar(char, FontDef, bool)
 .text._ZN5daisy25OneBitGraphicsDisplayImplINS_11OledDisplayINS_13SSD130xDriverILj128ELj64ENS_24SSD130x4WireSpiTransportEEEEEE11WriteStringEPKc7FontDefb
                0x08002cf2       0x30 build/Granular.o
                0x08002cf2                daisy::OneBitGraphicsDisplayImpl<daisy::OledDisplay<daisy::SSD130xDriver<128u, 64u, daisy::SSD130x4WireSpiTransport> > >::WriteString(char const*, FontDef, bool)
 *fill*         0x08002d22        0x2 
 .text._Z13UpdateDisplayv
                0x08002d24     0x12c8 build/Granular.o
                0x08002d24                UpdateDisplay()
 .text.startup.main
                0x08003fec      0x378 build/Granular.o
                0x08003fec                main
 .text._ZN5daisy25OneBitGraphicsDisplayImplINS_11OledDisplayINS_13SSD130xDriverILj128ELj64ENS_24SSD130x4WireSpiTransportEEEEEE18WriteStringAlignedEPKcRK7FontDefNS_9RectangleENS_9AlignmentEb
                0x08004364      0x132 build/Granular.o
                0x08004364                daisy::OneBitGraphicsDisplayImpl<daisy::OledDisplay<daisy::SSD130xDriver<128u, 64u, daisy::SSD130x4WireSpiTransport> > >::WriteStringAligned(char const*, FontDef const&, daisy::Rectangle, daisy::Alignment, bool)
 *fill*         0x08004496        0x2 
 .text._ZN5daisy25OneBitGraphicsDisplayImplINS_11OledDisplayINS_13SSD130xDriverILj128ELj64ENS_24SSD130x4WireSpiTransportEEEEEE7DrawArcEjjjiib
                0x08004498      0x300 build/Granular.o
                0x08004498                daisy::OneBitGraphicsDisplayImpl<daisy::OledDisplay<daisy::SSD130xDriver<128u, 64u, daisy::SSD130x4WireSpiTransport> > >::DrawArc(unsigned int, unsigned int, unsigned int, int, int, bool)
 .text.startup._GLOBAL__sub_I_patch
                0x08004798      0x11c build/Granular.o
 .text._ZN5daisy10DaisyPatch10StartAudioEPFvPKPKfPPfjE
                0x080048b4        0x4 ../../libDaisy/build\libdaisy.a(daisy_patch.o)
                0x080048b4                daisy::DaisyPatch::StartAudio(void (*)(float const* const*, float**, unsigned int))
 .text._ZN5daisy10DaisyPatch8StartAdcEv
                0x080048b8        0x8 ../../libDaisy/build\libdaisy.a(daisy_patch.o)
                0x080048b8                daisy::DaisyPatch::StartAdc()
 .text._ZN5daisy10DaisyPatch21ProcessAnalogControlsEv
                0x080048c0       0x28 ../../libDaisy/build\libdaisy.a(daisy_patch.o)
                0x080048c0                daisy::DaisyPatch::ProcessAnalogControls()
 .text._ZN5daisy10DaisyPatch12GetKnobValueENS0_4CtrlE
                0x080048e8        0xc ../../libDaisy/build\libdaisy.a(daisy_patch.o)
                0x080048e8                daisy::DaisyPatch::GetKnobValue(daisy::DaisyPatch::Ctrl)
 .text._ZN5daisy10DaisyPatch22ProcessDigitalControlsEv
                0x080048f4        0x8 ../../libDaisy/build\libdaisy.a(daisy_patch.o)
                0x080048f4                daisy::DaisyPatch::ProcessDigitalControls()
 *fill*         0x080048fc        0x4 
 .text._ZN5daisy10DaisyPatch9InitAudioEv
                0x08004900      0x100 ../../libDaisy/build\libdaisy.a(daisy_patch.o)
                0x08004900                daisy::DaisyPatch::InitAudio()
 .text._ZN5daisy10DaisyPatch12InitControlsEv
                0x08004a00      0x144 ../../libDaisy/build\libdaisy.a(daisy_patch.o)
                0x08004a00                daisy::DaisyPatch::InitControls()
 *fill*         0x08004b44        0x4 
 .text._ZN5daisy10DaisyPatch11InitDisplayEv
                0x08004b48      0x31c ../../libDaisy/build\libdaisy.a(daisy_patch.o)
                0x08004b48                daisy::DaisyPatch::InitDisplay()
 .text._ZN5daisy10DaisyPatch4InitEb
                0x08004e64      0x140 ../../libDaisy/build\libdaisy.a(daisy_patch.o)
                0x08004e64                daisy::DaisyPatch::Init(bool)
 .text._ZN5daisy9DaisySeed9ConfigureEv
                0x08004fa4        0x4 ../../libDaisy/build\libdaisy.a(daisy_seed.o)
                0x08004fa4                daisy::DaisySeed::Configure()
 .text._ZN5daisy9DaisySeed10StartAudioEPFvPKPKfPPfjE
                0x08004fa8        0x8 ../../libDaisy/build\libdaisy.a(daisy_seed.o)
                0x08004fa8                daisy::DaisySeed::StartAudio(void (*)(float const* const*, float**, unsigned int))
 .text._ZNK5daisy9DaisySeed17AudioCallbackRateEv
                0x08004fb0        0x8 ../../libDaisy/build\libdaisy.a(daisy_seed.o)
                0x08004fb0                daisy::DaisySeed::AudioCallbackRate() const
 .text._ZN5daisy9DaisySeed6SetLedEb
                0x08004fb8        0x8 ../../libDaisy/build\libdaisy.a(daisy_seed.o)
                0x08004fb8                daisy::DaisySeed::SetLed(bool)
 .text._ZN5daisy9DaisySeed17CheckBoardVersionEv
                0x08004fc0       0x6c ../../libDaisy/build\libdaisy.a(daisy_seed.o)
                0x08004fc0                daisy::DaisySeed::CheckBoardVersion()
 .text._ZN5daisy9DaisySeed14ConfigureAudioEv
                0x0800502c      0x110 ../../libDaisy/build\libdaisy.a(daisy_seed.o)
                0x0800502c                daisy::DaisySeed::ConfigureAudio()
 .text._ZN5daisy9DaisySeed4InitEb
                0x0800513c      0x104 ../../libDaisy/build\libdaisy.a(daisy_seed.o)
                0x0800513c                daisy::DaisySeed::Init(bool)
 .text._ZN5daisy6Ak45564InitENS_3PinE
                0x08005240       0x44 ../../libDaisy/build\libdaisy.a(codec_ak4556.o)
                0x08005240                daisy::Ak4556::Init(daisy::Pin)
 .text._ZN5daisy6Wm873120WriteControlRegisterEht
                0x08005284       0x3c ../../libDaisy/build\libdaisy.a(codec_wm8731.o)
                0x08005284                daisy::Wm8731::WriteControlRegister(unsigned char, unsigned short)
 .text._ZN5daisy6Wm87314InitERKNS0_6ConfigENS_9I2CHandleE
                0x080052c0      0x1bc ../../libDaisy/build\libdaisy.a(codec_wm8731.o)
                0x080052c0                daisy::Wm8731::Init(daisy::Wm8731::Config const&, daisy::I2CHandle)
 .text._ZN11SdramHandle10DeviceInitEv
                0x0800547c       0x98 ../../libDaisy/build\libdaisy.a(sdram.o)
                0x0800547c                SdramHandle::DeviceInit()
 .text._ZN11SdramHandle4InitEv
                0x08005514       0x7c ../../libDaisy/build\libdaisy.a(sdram.o)
                0x08005514                SdramHandle::Init()
 .text.HAL_SDRAM_MspInit
                0x08005590      0x1a8 ../../libDaisy/build\libdaisy.a(sdram.o)
                0x08005590                HAL_SDRAM_MspInit
 .text._ZN5daisy11AudioHandle4Impl16InternalCallbackEPlS2_j
                0x08005738      0xbbc ../../libDaisy/build\libdaisy.a(audio.o)
                0x08005738                daisy::AudioHandle::Impl::InternalCallback(long*, long*, unsigned int)
 .text._ZN5daisy11AudioHandle4InitERKNS0_6ConfigENS_9SaiHandleE
                0x080062f4       0x70 ../../libDaisy/build\libdaisy.a(audio.o)
                0x080062f4                daisy::AudioHandle::Init(daisy::AudioHandle::Config const&, daisy::SaiHandle)
 .text._ZN5daisy11AudioHandle4InitERKNS0_6ConfigENS_9SaiHandleES4_
                0x08006364       0x88 ../../libDaisy/build\libdaisy.a(audio.o)
                0x08006364                daisy::AudioHandle::Init(daisy::AudioHandle::Config const&, daisy::SaiHandle, daisy::SaiHandle)
 .text._ZNK5daisy11AudioHandle9GetConfigEv
                0x080063ec        0x8 ../../libDaisy/build\libdaisy.a(audio.o)
                0x080063ec                daisy::AudioHandle::GetConfig() const
 .text._ZN5daisy11AudioHandle13GetSampleRateEv
                0x080063f4        0x8 ../../libDaisy/build\libdaisy.a(audio.o)
                0x080063f4                daisy::AudioHandle::GetSampleRate()
 .text._ZN5daisy11AudioHandle5StartEPFvPKPKfPPfjE
                0x080063fc       0x44 ../../libDaisy/build\libdaisy.a(audio.o)
                0x080063fc                daisy::AudioHandle::Start(void (*)(float const* const*, float**, unsigned int))
 .text.startup._GLOBAL__sub_I__ZN5daisy11AudioHandle4Impl4InitENS0_6ConfigENS_9SaiHandleE
                0x08006440       0x24 ../../libDaisy/build\libdaisy.a(audio.o)
 .text._ZN5daisy13AnalogControl4InitEPtfbbf
                0x08006464       0x64 ../../libDaisy/build\libdaisy.a(ctrl.o)
                0x08006464                daisy::AnalogControl::Init(unsigned short*, float, bool, bool, float)
 .text._ZN5daisy13AnalogControl7ProcessEv
                0x080064c8       0x48 ../../libDaisy/build\libdaisy.a(ctrl.o)
                0x080064c8                daisy::AnalogControl::Process()
 .text._ZN5daisy7Encoder4InitENS_3PinES1_S1_f
                0x08006510       0x5c ../../libDaisy/build\libdaisy.a(encoder.o)
                0x08006510                daisy::Encoder::Init(daisy::Pin, daisy::Pin, daisy::Pin, float)
 .text._ZN5daisy7Encoder8DebounceEv
                0x0800656c       0x7c ../../libDaisy/build\libdaisy.a(encoder.o)
                0x0800656c                daisy::Encoder::Debounce()
 .text._ZN5daisy6GateIn4InitENS_3PinEb
                0x080065e8       0x24 ../../libDaisy/build\libdaisy.a(gatein.o)
                0x080065e8                daisy::GateIn::Init(daisy::Pin, bool)
 .text._ZN5daisy6GateIn4TrigEv
                0x0800660c       0x28 ../../libDaisy/build\libdaisy.a(gatein.o)
                0x0800660c                daisy::GateIn::Trig()
 .text._ZN5daisy17MidiUartTransport6ConfigC2Ev
                0x08006634       0x24 ../../libDaisy/build\libdaisy.a(midi.o)
                0x08006634                daisy::MidiUartTransport::Config::Config()
                0x08006634                daisy::MidiUartTransport::Config::Config()
 .text._ZN5daisy10MidiParser5ParseEhPNS_9MidiEventE
                0x08006658      0x170 ../../libDaisy/build\libdaisy.a(midi_parser.o)
                0x08006658                daisy::MidiParser::Parse(unsigned char, daisy::MidiEvent*)
 .text._ZN5daisy10MidiParser5ResetEv
                0x080067c8        0xc ../../libDaisy/build\libdaisy.a(midi_parser.o)
                0x080067c8                daisy::MidiParser::Reset()
 .text._ZN5daisy6Switch4InitENS_3PinEf
                0x080067d4       0x30 ../../libDaisy/build\libdaisy.a(switch.o)
                0x080067d4                daisy::Switch::Init(daisy::Pin, float)
 .text._ZN5daisy6Switch8DebounceEv
                0x08006804       0x54 ../../libDaisy/build\libdaisy.a(switch.o)
                0x08006804                daisy::Switch::Debounce()
 .text.DummyRxCallback
                0x08006858        0x4 ../../libDaisy/build\libdaisy.a(usb.o)
                0x08006858                DummyRxCallback
 .text._ZN5daisy9UsbHandle4InitENS0_9UsbPeriphE
                0x0800685c      0x10c ../../libDaisy/build\libdaisy.a(usb.o)
                0x0800685c                daisy::UsbHandle::Init(daisy::UsbHandle::UsbPeriph)
 .text._ZN5daisy9UsbHandle18SetReceiveCallbackEPFvPhPmENS0_9UsbPeriphE
                0x08006968       0x38 ../../libDaisy/build\libdaisy.a(usb.o)
                0x08006968                daisy::UsbHandle::SetReceiveCallback(void (*)(unsigned char*, unsigned long*), daisy::UsbHandle::UsbPeriph)
 .text.OTG_FS_EP1_OUT_IRQHandler
                0x080069a0        0xc ../../libDaisy/build\libdaisy.a(usb.o)
                0x080069a0                OTG_FS_EP1_OUT_IRQHandler
 .text.OTG_FS_EP1_IN_IRQHandler
                0x080069ac        0xc ../../libDaisy/build\libdaisy.a(usb.o)
                0x080069ac                OTG_FS_EP1_IN_IRQHandler
 .text.OTG_FS_IRQHandler
                0x080069b8        0xc ../../libDaisy/build\libdaisy.a(usb.o)
                0x080069b8                OTG_FS_IRQHandler
 .text._ZN5daisy16MidiUsbTransport4ImplD2Ev
                0x080069c4        0x4 ../../libDaisy/build\libdaisy.a(usb_midi.o)
                0x080069c4                daisy::MidiUsbTransport::Impl::~Impl()
                0x080069c4                daisy::MidiUsbTransport::Impl::~Impl()
 .text._ZN5daisy16MidiUsbTransport4Impl5ParseEv
                0x080069c8       0x68 ../../libDaisy/build\libdaisy.a(usb_midi.o)
                0x080069c8                daisy::MidiUsbTransport::Impl::Parse()
 .text._Z15ReceiveCallbackPhPm.part.0
                0x08006a30       0x98 ../../libDaisy/build\libdaisy.a(usb_midi.o)
 .text._Z15ReceiveCallbackPhPm
                0x08006ac8       0x10 ../../libDaisy/build\libdaisy.a(usb_midi.o)
                0x08006ac8                ReceiveCallback(unsigned char*, unsigned long*)
 .text._ZL19HostReceiveCallbackPhjPv
                0x08006ad8       0x1c ../../libDaisy/build\libdaisy.a(usb_midi.o)
 .text._ZN5daisy16MidiUsbTransport4InitENS0_6ConfigE
                0x08006af4       0x78 ../../libDaisy/build\libdaisy.a(usb_midi.o)
                0x08006af4                daisy::MidiUsbTransport::Init(daisy::MidiUsbTransport::Config)
 .text._ZN5daisy16MidiUsbTransport7StartRxEPFvPhjPvES2_
                0x08006b6c       0x1c ../../libDaisy/build\libdaisy.a(usb_midi.o)
                0x08006b6c                daisy::MidiUsbTransport::StartRx(void (*)(unsigned char*, unsigned int, void*), void*)
 .text._ZN5daisy16MidiUsbTransport8RxActiveEv
                0x08006b88        0x8 ../../libDaisy/build\libdaisy.a(usb_midi.o)
                0x08006b88                daisy::MidiUsbTransport::RxActive()
 .text._ZN5daisy16MidiUsbTransport7FlushRxEv
                0x08006b90        0xc ../../libDaisy/build\libdaisy.a(usb_midi.o)
                0x08006b90                daisy::MidiUsbTransport::FlushRx()
 .text.startup._GLOBAL__sub_I__Z15ReceiveCallbackPhPm
                0x08006b9c       0x60 ../../libDaisy/build\libdaisy.a(usb_midi.o)
 .text._ZN5daisy16AdcChannelConfig10InitSingleENS_3PinENS0_15ConversionSpeedE
                0x08006bfc       0x20 ../../libDaisy/build\libdaisy.a(adc.o)
                0x08006bfc                daisy::AdcChannelConfig::InitSingle(daisy::Pin, daisy::AdcChannelConfig::ConversionSpeed)
 .text._ZN5daisy9AdcHandle4InitEPNS_16AdcChannelConfigEjNS0_12OverSamplingE
                0x08006c1c      0x410 ../../libDaisy/build\libdaisy.a(adc.o)
                0x08006c1c                daisy::AdcHandle::Init(daisy::AdcChannelConfig*, unsigned int, daisy::AdcHandle::OverSampling)
 .text._ZN5daisy9AdcHandle5StartEv
                0x0800702c       0x2c ../../libDaisy/build\libdaisy.a(adc.o)
                0x0800702c                daisy::AdcHandle::Start()
 .text._ZNK5daisy9AdcHandle6GetPtrEh
                0x08007058       0x14 ../../libDaisy/build\libdaisy.a(adc.o)
                0x08007058                daisy::AdcHandle::GetPtr(unsigned char) const
 .text.HAL_ADC_MspInit
                0x0800706c       0xa4 ../../libDaisy/build\libdaisy.a(adc.o)
                0x0800706c                HAL_ADC_MspInit
 .text.DMA1_Stream2_IRQHandler
                0x08007110        0xc ../../libDaisy/build\libdaisy.a(adc.o)
                0x08007110                DMA1_Stream2_IRQHandler
 .text.HAL_ADC_ConvCpltCallback
                0x0800711c      0x15c ../../libDaisy/build\libdaisy.a(adc.o)
                0x0800711c                HAL_ADC_ConvCpltCallback
 .text.HAL_ADC_ErrorCallback
                0x08007278        0x4 ../../libDaisy/build\libdaisy.a(adc.o)
                0x08007278                HAL_ADC_ErrorCallback
 .text.startup._GLOBAL__sub_I__ZN5daisy16AdcChannelConfig10InitSingleENS_3PinENS0_15ConversionSpeedE
                0x0800727c       0x38 ../../libDaisy/build\libdaisy.a(adc.o)
 .text.HAL_DAC_MspInit
                0x080072b4      0x164 ../../libDaisy/build\libdaisy.a(dac.o)
                0x080072b4                HAL_DAC_MspInit
 .text.DMA2_Stream0_IRQHandler
                0x08007418        0xc ../../libDaisy/build\libdaisy.a(dac.o)
                0x08007418                DMA2_Stream0_IRQHandler
 .text.DMA2_Stream1_IRQHandler
                0x08007424        0xc ../../libDaisy/build\libdaisy.a(dac.o)
                0x08007424                DMA2_Stream1_IRQHandler
 .text.TIM6_DAC_IRQHandler
                0x08007430       0x1c ../../libDaisy/build\libdaisy.a(dac.o)
                0x08007430                TIM6_DAC_IRQHandler
 .text._ZN5daisy9DacHandle4InitERKNS0_6ConfigE
                0x0800744c       0xfc ../../libDaisy/build\libdaisy.a(dac.o)
                0x0800744c                daisy::DacHandle::Init(daisy::DacHandle::Config const&)
 .text._ZN5daisy9DacHandle10WriteValueENS0_7ChannelEt
                0x08007548       0x70 ../../libDaisy/build\libdaisy.a(dac.o)
                0x08007548                daisy::DacHandle::WriteValue(daisy::DacHandle::Channel, unsigned short)
 .text.startup._GLOBAL__sub_I__ZN5daisy9DacHandle4Impl4InitERKNS0_6ConfigE
                0x080075b8       0x34 ../../libDaisy/build\libdaisy.a(dac.o)
 .text._ZN5daisy4GPIO4InitERKNS0_6ConfigE
                0x080075ec      0x1cc ../../libDaisy/build\libdaisy.a(gpio.o)
                0x080075ec                daisy::GPIO::Init(daisy::GPIO::Config const&)
 .text._ZN5daisy4GPIO4InitEv
                0x080077b8      0x1bc ../../libDaisy/build\libdaisy.a(gpio.o)
                0x080077b8                daisy::GPIO::Init()
 .text._ZN5daisy4GPIO4InitENS_3PinENS0_4ModeENS0_4PullENS0_5SpeedE
                0x08007974      0x1cc ../../libDaisy/build\libdaisy.a(gpio.o)
                0x08007974                daisy::GPIO::Init(daisy::Pin, daisy::GPIO::Mode, daisy::GPIO::Pull, daisy::GPIO::Speed)
 .text._ZN5daisy4GPIO4ReadEv
                0x08007b40       0x18 ../../libDaisy/build\libdaisy.a(gpio.o)
                0x08007b40                daisy::GPIO::Read()
 .text._ZN5daisy4GPIO5WriteEb
                0x08007b58       0x14 ../../libDaisy/build\libdaisy.a(gpio.o)
                0x08007b58                daisy::GPIO::Write(bool)
 .text._ZN5daisy9I2CHandle4Impl8InitPinsEv
                0x08007b6c       0x70 ../../libDaisy/build\libdaisy.a(i2c.o)
                0x08007b6c                daisy::I2CHandle::Impl::InitPins()
 .text.HAL_I2C_MspInit
                0x08007bdc      0x1b4 ../../libDaisy/build\libdaisy.a(i2c.o)
                0x08007bdc                HAL_I2C_MspInit
 .text.dsy_i2c_global_init
                0x08007d90       0x78 ../../libDaisy/build\libdaisy.a(i2c.o)
                0x08007d90                dsy_i2c_global_init
 .text.DMA1_Stream6_IRQHandler
                0x08007e08       0x34 ../../libDaisy/build\libdaisy.a(i2c.o)
                0x08007e08                DMA1_Stream6_IRQHandler
 .text.I2C1_EV_IRQHandler
                0x08007e3c        0xc ../../libDaisy/build\libdaisy.a(i2c.o)
                0x08007e3c                I2C1_EV_IRQHandler
 .text.I2C2_EV_IRQHandler
                0x08007e48        0xc ../../libDaisy/build\libdaisy.a(i2c.o)
                0x08007e48                I2C2_EV_IRQHandler
 .text.I2C3_EV_IRQHandler
                0x08007e54        0xc ../../libDaisy/build\libdaisy.a(i2c.o)
                0x08007e54                I2C3_EV_IRQHandler
 .text._ZN5daisy9I2CHandle4InitERKNS0_6ConfigE
                0x08007e60      0x130 ../../libDaisy/build\libdaisy.a(i2c.o)
                0x08007e60                daisy::I2CHandle::Init(daisy::I2CHandle::Config const&)
 .text._ZN5daisy9I2CHandle16TransmitBlockingEtPhtm
                0x08007f90       0x50 ../../libDaisy/build\libdaisy.a(i2c.o)
                0x08007f90                daisy::I2CHandle::TransmitBlocking(unsigned short, unsigned char*, unsigned short, unsigned long)
 .text.startup._GLOBAL__sub_I__ZN5daisy9I2CHandle4Impl10GlobalInitEv
                0x08007fe0       0x2c ../../libDaisy/build\libdaisy.a(i2c.o)
 .text._ZN5daisy10QSPIHandle4Impl11WriteEnableEv
                0x0800800c       0x8c ../../libDaisy/build\libdaisy.a(qspi.o)
                0x0800800c                daisy::QSPIHandle::Impl::WriteEnable()
 .text._ZN5daisy10QSPIHandle4Impl17DummyCyclesConfigENS0_6Config6DeviceE
                0x08008098      0x118 ../../libDaisy/build\libdaisy.a(qspi.o)
                0x08008098                daisy::QSPIHandle::Impl::DummyCyclesConfig(daisy::QSPIHandle::Config::Device)
 .text._ZN5daisy10QSPIHandle4Impl10QuadEnableEv
                0x080081b0      0x168 ../../libDaisy/build\libdaisy.a(qspi.o)
                0x080081b0                daisy::QSPIHandle::Impl::QuadEnable()
 .text._ZN5daisy10QSPIHandle4Impl21DefaultStatusRegisterEv
                0x08008318      0x158 ../../libDaisy/build\libdaisy.a(qspi.o)
                0x08008318                daisy::QSPIHandle::Impl::DefaultStatusRegister()
 .text._ZN5daisy10QSPIHandle4Impl7PreInitEm
                0x08008470      0x198 ../../libDaisy/build\libdaisy.a(qspi.o)
                0x08008470                daisy::QSPIHandle::Impl::PreInit(unsigned long)
 .text._ZN5daisy10QSPIHandle4Impl4InitERKNS0_6ConfigE
                0x08008608      0x1b4 ../../libDaisy/build\libdaisy.a(qspi.o)
                0x08008608                daisy::QSPIHandle::Impl::Init(daisy::QSPIHandle::Config const&)
 *fill*         0x080087bc        0x4 
 .text._ZN5daisy10QSPIHandle4Impl7SetModeENS0_6Config4ModeE.part.0
                0x080087c0      0x1a4 ../../libDaisy/build\libdaisy.a(qspi.o)
 .text._ZN5daisy10QSPIHandle4Impl9WritePageEmmPhb
                0x08008964      0x1bc ../../libDaisy/build\libdaisy.a(qspi.o)
                0x08008964                daisy::QSPIHandle::Impl::WritePage(unsigned long, unsigned long, unsigned char*, bool)
 .text._ZN5daisy10QSPIHandle4Impl5WriteEmmPh
                0x08008b20      0x320 ../../libDaisy/build\libdaisy.a(qspi.o)
                0x08008b20                daisy::QSPIHandle::Impl::Write(unsigned long, unsigned long, unsigned char*)
 .text._ZN5daisy10QSPIHandle4InitERKNS0_6ConfigE
                0x08008e40      0x1b4 ../../libDaisy/build\libdaisy.a(qspi.o)
                0x08008e40                daisy::QSPIHandle::Init(daisy::QSPIHandle::Config const&)
 .text._ZN5daisy10QSPIHandle5WriteEmmPh
                0x08008ff4        0x8 ../../libDaisy/build\libdaisy.a(qspi.o)
                0x08008ff4                daisy::QSPIHandle::Write(unsigned long, unsigned long, unsigned char*)
 .text._ZN5daisy10QSPIHandle11EraseSectorEm
                0x08008ffc      0x164 ../../libDaisy/build\libdaisy.a(qspi.o)
                0x08008ffc                daisy::QSPIHandle::EraseSector(unsigned long)
 .text._ZN5daisy10QSPIHandle7GetDataEm
                0x08009160        0xc ../../libDaisy/build\libdaisy.a(qspi.o)
                0x08009160                daisy::QSPIHandle::GetData(unsigned long)
 .text.HAL_QSPI_MspInit
                0x0800916c      0x194 ../../libDaisy/build\libdaisy.a(qspi.o)
                0x0800916c                HAL_QSPI_MspInit
 .text.HAL_QSPI_MspDeInit
                0x08009300       0x7c ../../libDaisy/build\libdaisy.a(qspi.o)
                0x08009300                HAL_QSPI_MspDeInit
 .text.QUADSPI_IRQHandler
                0x0800937c        0xc ../../libDaisy/build\libdaisy.a(qspi.o)
                0x0800937c                QUADSPI_IRQHandler
 .text.startup._GLOBAL__sub_I__ZN5daisy10QSPIHandle4Impl7PreInitEm
                0x08009388       0x40 ../../libDaisy/build\libdaisy.a(qspi.o)
 .text._ZN5daisy9SaiHandle4Impl7InitDmaENS1_15PeripheralBlockE
                0x080093c8       0xa0 ../../libDaisy/build\libdaisy.a(sai.o)
                0x080093c8                daisy::SaiHandle::Impl::InitDma(daisy::SaiHandle::Impl::PeripheralBlock)
 .text._ZN5daisy9SaiHandle4Impl8InitPinsEv
                0x08009468       0xbc ../../libDaisy/build\libdaisy.a(sai.o)
                0x08009468                daisy::SaiHandle::Impl::InitPins()
 .text.HAL_SAI_MspInit
                0x08009524      0x164 ../../libDaisy/build\libdaisy.a(sai.o)
                0x08009524                HAL_SAI_MspInit
 .text.DMA1_Stream0_IRQHandler
                0x08009688        0xc ../../libDaisy/build\libdaisy.a(sai.o)
                0x08009688                DMA1_Stream0_IRQHandler
 .text.DMA1_Stream1_IRQHandler
                0x08009694        0xc ../../libDaisy/build\libdaisy.a(sai.o)
                0x08009694                DMA1_Stream1_IRQHandler
 .text.DMA1_Stream3_IRQHandler
                0x080096a0        0xc ../../libDaisy/build\libdaisy.a(sai.o)
                0x080096a0                DMA1_Stream3_IRQHandler
 .text.DMA1_Stream4_IRQHandler
                0x080096ac        0xc ../../libDaisy/build\libdaisy.a(sai.o)
                0x080096ac                DMA1_Stream4_IRQHandler
 .text.HAL_SAI_RxHalfCpltCallback
                0x080096b8       0x78 ../../libDaisy/build\libdaisy.a(sai.o)
                0x080096b8                HAL_SAI_RxHalfCpltCallback
 .text.HAL_SAI_RxCpltCallback
                0x08009730       0x70 ../../libDaisy/build\libdaisy.a(sai.o)
                0x08009730                HAL_SAI_RxCpltCallback
 .text._ZN5daisy9SaiHandle4InitERKNS0_6ConfigE
                0x080097a0      0x1f0 ../../libDaisy/build\libdaisy.a(sai.o)
                0x080097a0                daisy::SaiHandle::Init(daisy::SaiHandle::Config const&)
 .text._ZNK5daisy9SaiHandle9GetConfigEv
                0x08009990        0x4 ../../libDaisy/build\libdaisy.a(sai.o)
                0x08009990                daisy::SaiHandle::GetConfig() const
 .text._ZN5daisy9SaiHandle8StartDmaEPlS1_jPFvS1_S1_jE
                0x08009994       0xbc ../../libDaisy/build\libdaisy.a(sai.o)
                0x08009994                daisy::SaiHandle::StartDma(long*, long*, unsigned int, void (*)(long*, long*, unsigned int))
 .text._ZN5daisy9SaiHandle13GetSampleRateEv
                0x08009a50       0x24 ../../libDaisy/build\libdaisy.a(sai.o)
                0x08009a50                daisy::SaiHandle::GetSampleRate()
 .text._ZNK5daisy9SaiHandle9GetOffsetEv
                0x08009a74        0x8 ../../libDaisy/build\libdaisy.a(sai.o)
                0x08009a74                daisy::SaiHandle::GetOffset() const
 .text.startup._GLOBAL__sub_I__ZN5daisy9SaiHandle4Impl4InitERKNS0_6ConfigE
                0x08009a7c       0x20 ../../libDaisy/build\libdaisy.a(sai.o)
 .text._ZN5daisy9SpiHandle4Impl7InitDmaEv
                0x08009a9c       0xec ../../libDaisy/build\libdaisy.a(spi.o)
                0x08009a9c                daisy::SpiHandle::Impl::InitDma()
 .text._ZN5daisy9SpiHandle4Impl10StartDmaTxEPhjPFvPvEPFvS3_NS0_6ResultEES3_
                0x08009b88       0xc8 ../../libDaisy/build\libdaisy.a(spi.o)
                0x08009b88                daisy::SpiHandle::Impl::StartDmaTx(unsigned char*, unsigned int, void (*)(void*), void (*)(void*, daisy::SpiHandle::Result), void*)
 .text._ZN5daisy9SpiHandle4Impl10StartDmaRxEPhjPFvPvEPFvS3_NS0_6ResultEES3_
                0x08009c50       0xc8 ../../libDaisy/build\libdaisy.a(spi.o)
                0x08009c50                daisy::SpiHandle::Impl::StartDmaRx(unsigned char*, unsigned int, void (*)(void*), void (*)(void*, daisy::SpiHandle::Result), void*)
 .text._ZN5daisy9SpiHandle4Impl12StartDmaRxTxEPhS2_jPFvPvEPFvS3_NS0_6ResultEES3_
                0x08009d18       0xcc ../../libDaisy/build\libdaisy.a(spi.o)
                0x08009d18                daisy::SpiHandle::Impl::StartDmaRxTx(unsigned char*, unsigned char*, unsigned int, void (*)(void*), void (*)(void*, daisy::SpiHandle::Result), void*)
 .text._ZN5daisy9SpiHandle4Impl8InitPinsEv
                0x08009de4      0x25c ../../libDaisy/build\libdaisy.a(spi.o)
                0x08009de4                daisy::SpiHandle::Impl::InitPins()
 .text.HAL_SPI_MspInit
                0x0800a040      0x6e8 ../../libDaisy/build\libdaisy.a(spi.o)
                0x0800a040                HAL_SPI_MspInit
 .text.dsy_spi_global_init
                0x0800a728       0x80 ../../libDaisy/build\libdaisy.a(spi.o)
                0x0800a728                dsy_spi_global_init
 .text.SPI1_IRQHandler
                0x0800a7a8        0xc ../../libDaisy/build\libdaisy.a(spi.o)
                0x0800a7a8                SPI1_IRQHandler
 .text.SPI2_IRQHandler
                0x0800a7b4        0xc ../../libDaisy/build\libdaisy.a(spi.o)
                0x0800a7b4                SPI2_IRQHandler
 .text.SPI3_IRQHandler
                0x0800a7c0        0xc ../../libDaisy/build\libdaisy.a(spi.o)
                0x0800a7c0                SPI3_IRQHandler
 .text.SPI4_IRQHandler
                0x0800a7cc        0xc ../../libDaisy/build\libdaisy.a(spi.o)
                0x0800a7cc                SPI4_IRQHandler
 .text.SPI5_IRQHandler
                0x0800a7d8        0xc ../../libDaisy/build\libdaisy.a(spi.o)
                0x0800a7d8                SPI5_IRQHandler
 .text.DMA2_Stream2_IRQHandler
                0x0800a7e4       0x34 ../../libDaisy/build\libdaisy.a(spi.o)
                0x0800a7e4                DMA2_Stream2_IRQHandler
 .text.DMA2_Stream3_IRQHandler
                0x0800a818       0x38 ../../libDaisy/build\libdaisy.a(spi.o)
                0x0800a818                DMA2_Stream3_IRQHandler
 .text.HAL_SPI_TxCpltCallback
                0x0800a850       0xc4 ../../libDaisy/build\libdaisy.a(spi.o)
                0x0800a850                HAL_SPI_TxCpltCallback
 .text.HAL_SPI_RxCpltCallback
                0x0800a914       0xc4 ../../libDaisy/build\libdaisy.a(spi.o)
                0x0800a914                HAL_SPI_RxCpltCallback
 .text.HAL_SPI_TxRxCpltCallback
                0x0800a9d8       0xc4 ../../libDaisy/build\libdaisy.a(spi.o)
                0x0800a9d8                HAL_SPI_TxRxCpltCallback
 .text.HAL_SPI_ErrorCallback
                0x0800aa9c       0xc8 ../../libDaisy/build\libdaisy.a(spi.o)
                0x0800aa9c                HAL_SPI_ErrorCallback
 .text._ZN5daisy9SpiHandle4InitERKNS0_6ConfigE
                0x0800ab64      0x110 ../../libDaisy/build\libdaisy.a(spi.o)
                0x0800ab64                daisy::SpiHandle::Init(daisy::SpiHandle::Config const&)
 .text._ZN5daisy9SpiHandle16BlockingTransmitEPhjm
                0x0800ac74       0x14 ../../libDaisy/build\libdaisy.a(spi.o)
                0x0800ac74                daisy::SpiHandle::BlockingTransmit(unsigned char*, unsigned int, unsigned long)
 .text.startup._GLOBAL__sub_I__Z19MapInstanceToHandleP11SPI_TypeDef
                0x0800ac88      0x1d8 ../../libDaisy/build\libdaisy.a(spi.o)
 .text._ZL20UART_CheckRxListenerPN5daisy11UartHandler4ImplE
                0x0800ae60       0x84 ../../libDaisy/build\libdaisy.a(uart.o)
 .text._ZN5daisy11UartHandler4Impl10StartDmaTxEPhjPFvPvEPFvS3_NS0_6ResultEES3_
                0x0800aee4      0x184 ../../libDaisy/build\libdaisy.a(uart.o)
                0x0800aee4                daisy::UartHandler::Impl::StartDmaTx(unsigned char*, unsigned int, void (*)(void*), void (*)(void*, daisy::UartHandler::Result), void*)
 .text._ZN5daisy11UartHandler4Impl10StartDmaRxEPhjPFvPvEPFvS3_NS0_6ResultEES3_
                0x0800b068      0x184 ../../libDaisy/build\libdaisy.a(uart.o)
                0x0800b068                daisy::UartHandler::Impl::StartDmaRx(unsigned char*, unsigned int, void (*)(void*), void (*)(void*, daisy::UartHandler::Result), void*)
 .text._ZN5daisy11UartHandler4Impl19DmaTransferFinishedEP20__UART_HandleTypeDefNS0_6ResultE
                0x0800b1ec       0xc0 ../../libDaisy/build\libdaisy.a(uart.o)
                0x0800b1ec                daisy::UartHandler::Impl::DmaTransferFinished(__UART_HandleTypeDef*, daisy::UartHandler::Result)
 .text._ZN5daisy11UartHandler4Impl8InitPinsEv
                0x0800b2ac      0x148 ../../libDaisy/build\libdaisy.a(uart.o)
                0x0800b2ac                daisy::UartHandler::Impl::InitPins()
 .text.HAL_UART_MspInit
                0x0800b3f4      0x4b4 ../../libDaisy/build\libdaisy.a(uart.o)
                0x0800b3f4                HAL_UART_MspInit
 .text.dsy_uart_global_init
                0x0800b8a8      0x110 ../../libDaisy/build\libdaisy.a(uart.o)
                0x0800b8a8                dsy_uart_global_init
 .text.USART1_IRQHandler
                0x0800b9b8       0x2c ../../libDaisy/build\libdaisy.a(uart.o)
                0x0800b9b8                USART1_IRQHandler
 .text.USART2_IRQHandler
                0x0800b9e4       0x34 ../../libDaisy/build\libdaisy.a(uart.o)
                0x0800b9e4                USART2_IRQHandler
 .text.USART3_IRQHandler
                0x0800ba18       0x34 ../../libDaisy/build\libdaisy.a(uart.o)
                0x0800ba18                USART3_IRQHandler
 .text.UART4_IRQHandler
                0x0800ba4c       0x34 ../../libDaisy/build\libdaisy.a(uart.o)
                0x0800ba4c                UART4_IRQHandler
 .text.UART5_IRQHandler
                0x0800ba80       0x34 ../../libDaisy/build\libdaisy.a(uart.o)
                0x0800ba80                UART5_IRQHandler
 .text.USART6_IRQHandler
                0x0800bab4       0x34 ../../libDaisy/build\libdaisy.a(uart.o)
                0x0800bab4                USART6_IRQHandler
 .text.UART7_IRQHandler
                0x0800bae8       0x34 ../../libDaisy/build\libdaisy.a(uart.o)
                0x0800bae8                UART7_IRQHandler
 .text.UART8_IRQHandler
                0x0800bb1c       0x34 ../../libDaisy/build\libdaisy.a(uart.o)
                0x0800bb1c                UART8_IRQHandler
 .text.LPUART1_IRQHandler
                0x0800bb50       0x34 ../../libDaisy/build\libdaisy.a(uart.o)
                0x0800bb50                LPUART1_IRQHandler
 .text.DMA1_Stream5_IRQHandler
                0x0800bb84       0x34 ../../libDaisy/build\libdaisy.a(uart.o)
                0x0800bb84                DMA1_Stream5_IRQHandler
 .text.DMA2_Stream4_IRQHandler
                0x0800bbb8       0x38 ../../libDaisy/build\libdaisy.a(uart.o)
                0x0800bbb8                DMA2_Stream4_IRQHandler
 .text.HAL_UART_TxCpltCallback
                0x0800bbf0        0x8 ../../libDaisy/build\libdaisy.a(uart.o)
                0x0800bbf0                HAL_UART_TxCpltCallback
 .text.HAL_UART_RxCpltCallback
                0x0800bbf8       0x94 ../../libDaisy/build\libdaisy.a(uart.o)
                0x0800bbf8                HAL_UART_RxCpltCallback
 .text.HAL_UART_RxHalfCpltCallback
                0x0800bc8c       0x90 ../../libDaisy/build\libdaisy.a(uart.o)
                0x0800bc8c                HAL_UART_RxHalfCpltCallback
 .text.HAL_UART_ErrorCallback
                0x0800bd1c       0x94 ../../libDaisy/build\libdaisy.a(uart.o)
                0x0800bd1c                HAL_UART_ErrorCallback
 .text._ZN5daisy11UartHandler4InitERKNS0_6ConfigE
                0x0800bdb0       0xd4 ../../libDaisy/build\libdaisy.a(uart.o)
                0x0800bdb0                daisy::UartHandler::Init(daisy::UartHandler::Config const&)
 .text._ZN5daisy11UartHandler14DmaListenStartEPhjPFvS1_jPvNS0_6ResultEES2_
                0x0800be84      0x114 ../../libDaisy/build\libdaisy.a(uart.o)
                0x0800be84                daisy::UartHandler::DmaListenStart(unsigned char*, unsigned int, void (*)(unsigned char*, unsigned int, void*, daisy::UartHandler::Result), void*)
 .text._ZNK5daisy11UartHandler11IsListeningEv
                0x0800bf98        0x8 ../../libDaisy/build\libdaisy.a(uart.o)
                0x0800bf98                daisy::UartHandler::IsListening() const
 .text.startup._GLOBAL__sub_I__Z19MapInstanceToHandleP13USART_TypeDef
                0x0800bfa0      0x1b0 ../../libDaisy/build\libdaisy.a(uart.o)
 .text.dsy_dma_init
                0x0800c150      0x100 ../../libDaisy/build\libdaisy.a(dma.o)
                0x0800c150                dsy_dma_init
 .text.dsy_dma_clear_cache_for_buffer
                0x0800c250       0x2c ../../libDaisy/build\libdaisy.a(dma.o)
                0x0800c250                dsy_dma_clear_cache_for_buffer
 .text.dsy_dma_invalidate_cache_for_buffer
                0x0800c27c       0x2c ../../libDaisy/build\libdaisy.a(dma.o)
                0x0800c27c                dsy_dma_invalidate_cache_for_buffer
 .text._ZN5daisy11TimerHandleD2Ev
                0x0800c2a8        0x4 ../../libDaisy/build\libdaisy.a(system.o)
                0x0800c2a8                daisy::TimerHandle::~TimerHandle()
                0x0800c2a8                daisy::TimerHandle::~TimerHandle()
 .text.SysTick_Handler
                0x0800c2ac       0x10 ../../libDaisy/build\libdaisy.a(system.o)
                0x0800c2ac                SysTick_Handler
 .text.OTG_HS_EP1_OUT_IRQHandler
                0x0800c2bc       0x24 ../../libDaisy/build\libdaisy.a(system.o)
                0x0800c2bc                OTG_HS_EP1_OUT_IRQHandler
 .text.OTG_HS_EP1_IN_IRQHandler
                0x0800c2e0       0x24 ../../libDaisy/build\libdaisy.a(system.o)
                0x0800c2e0                OTG_HS_EP1_IN_IRQHandler
 .text.OTG_HS_IRQHandler
                0x0800c304       0x24 ../../libDaisy/build\libdaisy.a(system.o)
                0x0800c304                OTG_HS_IRQHandler
 .text.HardFault_Handler
                0x0800c328       0xe0 ../../libDaisy/build\libdaisy.a(system.o)
                0x0800c328                HardFault_Handler
 .text._ZN5daisy6System6GetNowEv
                0x0800c408        0x4 ../../libDaisy/build\libdaisy.a(system.o)
                0x0800c408                daisy::System::GetNow()
 .text._ZN5daisy6System5DelayEm
                0x0800c40c        0x4 ../../libDaisy/build\libdaisy.a(system.o)
                0x0800c40c                daisy::System::Delay(unsigned long)
 .text._ZN5daisy6System20GetBootloaderVersionEv
                0x0800c410       0x34 ../../libDaisy/build\libdaisy.a(system.o)
                0x0800c410                daisy::System::GetBootloaderVersion()
 *fill*         0x0800c444        0x4 
 .text._ZN5daisy6System15ConfigureClocksEv
                0x0800c448      0x1a4 ../../libDaisy/build\libdaisy.a(system.o)
                0x0800c448                daisy::System::ConfigureClocks()
 .text._ZN5daisy6System12ConfigureMpuEv
                0x0800c5ec       0x7c ../../libDaisy/build\libdaisy.a(system.o)
                0x0800c5ec                daisy::System::ConfigureMpu()
 .text._ZN5daisy6System4InitERKNS0_6ConfigE
                0x0800c668       0xf8 ../../libDaisy/build\libdaisy.a(system.o)
                0x0800c668                daisy::System::Init(daisy::System::Config const&)
 .text._ZN5daisy6System12GetPClk1FreqEv
                0x0800c760        0x4 ../../libDaisy/build\libdaisy.a(system.o)
                0x0800c760                daisy::System::GetPClk1Freq()
 .text._ZN5daisy6System12GetPClk2FreqEv
                0x0800c764        0x4 ../../libDaisy/build\libdaisy.a(system.o)
                0x0800c764                daisy::System::GetPClk2Freq()
 .text._ZN5daisy6System22GetProgramMemoryRegionEv
                0x0800c768       0x78 ../../libDaisy/build\libdaisy.a(system.o)
                0x0800c768                daisy::System::GetProgramMemoryRegion()
 .text.startup._GLOBAL__sub_I__ZN5daisy9boot_infoE
                0x0800c7e0       0x1c ../../libDaisy/build\libdaisy.a(system.o)
 .text.SystemInit
                0x0800c7fc       0x9c ../../libDaisy/build\libdaisy.a(system_stm32h7xx.o)
                0x0800c7fc                SystemInit
 .text.dummy_rx_callback
                0x0800c898        0x4 ../../libDaisy/build\libdaisy.a(usbd_cdc_if.o)
                0x0800c898                dummy_rx_callback
 .text.CDC_DeInit_FS
                0x0800c89c        0x4 ../../libDaisy/build\libdaisy.a(usbd_cdc_if.o)
 .text.CDC_Receive_FS
                0x0800c8a0       0x2c ../../libDaisy/build\libdaisy.a(usbd_cdc_if.o)
 .text.CDC_Receive_HS
                0x0800c8cc       0x2c ../../libDaisy/build\libdaisy.a(usbd_cdc_if.o)
 .text.CDC_Init_FS
                0x0800c8f8       0x3c ../../libDaisy/build\libdaisy.a(usbd_cdc_if.o)
 .text.CDC_Init_HS
                0x0800c934       0x3c ../../libDaisy/build\libdaisy.a(usbd_cdc_if.o)
 .text.CDC_Control_FS
                0x0800c970       0x34 ../../libDaisy/build\libdaisy.a(usbd_cdc_if.o)
 .text.CDC_Control_HS
                0x0800c9a4       0x34 ../../libDaisy/build\libdaisy.a(usbd_cdc_if.o)
 .text.CDC_DeInit_HS
                0x0800c9d8        0x4 ../../libDaisy/build\libdaisy.a(usbd_cdc_if.o)
 .text.CDC_Set_Rx_Callback_FS
                0x0800c9dc        0xc ../../libDaisy/build\libdaisy.a(usbd_cdc_if.o)
                0x0800c9dc                CDC_Set_Rx_Callback_FS
 .text.CDC_Set_Rx_Callback_HS
                0x0800c9e8        0xc ../../libDaisy/build\libdaisy.a(usbd_cdc_if.o)
                0x0800c9e8                CDC_Set_Rx_Callback_HS
 .text.HAL_PCD_MspInit
                0x0800c9f4      0x144 ../../libDaisy/build\libdaisy.a(usbd_conf.o)
                0x0800c9f4                HAL_PCD_MspInit
 .text.HAL_PCD_SetupStageCallback
                0x0800cb38        0xc ../../libDaisy/build\libdaisy.a(usbd_conf.o)
                0x0800cb38                HAL_PCD_SetupStageCallback
 .text.HAL_PCD_DataOutStageCallback
                0x0800cb44       0x14 ../../libDaisy/build\libdaisy.a(usbd_conf.o)
                0x0800cb44                HAL_PCD_DataOutStageCallback
 .text.HAL_PCD_DataInStageCallback
                0x0800cb58       0x14 ../../libDaisy/build\libdaisy.a(usbd_conf.o)
                0x0800cb58                HAL_PCD_DataInStageCallback
 .text.HAL_PCD_SOFCallback
                0x0800cb6c        0x8 ../../libDaisy/build\libdaisy.a(usbd_conf.o)
                0x0800cb6c                HAL_PCD_SOFCallback
 .text.HAL_PCD_ResetCallback
                0x0800cb74       0x24 ../../libDaisy/build\libdaisy.a(usbd_conf.o)
                0x0800cb74                HAL_PCD_ResetCallback
 .text.HAL_PCD_SuspendCallback
                0x0800cb98       0x30 ../../libDaisy/build\libdaisy.a(usbd_conf.o)
                0x0800cb98                HAL_PCD_SuspendCallback
 .text.HAL_PCD_ResumeCallback
                0x0800cbc8        0x8 ../../libDaisy/build\libdaisy.a(usbd_conf.o)
                0x0800cbc8                HAL_PCD_ResumeCallback
 .text.HAL_PCD_ISOOUTIncompleteCallback
                0x0800cbd0        0x8 ../../libDaisy/build\libdaisy.a(usbd_conf.o)
                0x0800cbd0                HAL_PCD_ISOOUTIncompleteCallback
 .text.HAL_PCD_ISOINIncompleteCallback
                0x0800cbd8        0x8 ../../libDaisy/build\libdaisy.a(usbd_conf.o)
                0x0800cbd8                HAL_PCD_ISOINIncompleteCallback
 .text.HAL_PCD_ConnectCallback
                0x0800cbe0        0x8 ../../libDaisy/build\libdaisy.a(usbd_conf.o)
                0x0800cbe0                HAL_PCD_ConnectCallback
 .text.HAL_PCD_DisconnectCallback
                0x0800cbe8        0x8 ../../libDaisy/build\libdaisy.a(usbd_conf.o)
                0x0800cbe8                HAL_PCD_DisconnectCallback
 .text.USBD_LL_Init
                0x0800cbf0       0xe4 ../../libDaisy/build\libdaisy.a(usbd_conf.o)
                0x0800cbf0                USBD_LL_Init
 .text.USBD_LL_Start
                0x0800ccd4       0x1c ../../libDaisy/build\libdaisy.a(usbd_conf.o)
                0x0800ccd4                USBD_LL_Start
 .text.USBD_LL_OpenEP
                0x0800ccf0       0x24 ../../libDaisy/build\libdaisy.a(usbd_conf.o)
                0x0800ccf0                USBD_LL_OpenEP
 .text.USBD_LL_CloseEP
                0x0800cd14       0x1c ../../libDaisy/build\libdaisy.a(usbd_conf.o)
                0x0800cd14                USBD_LL_CloseEP
 .text.USBD_LL_StallEP
                0x0800cd30       0x1c ../../libDaisy/build\libdaisy.a(usbd_conf.o)
                0x0800cd30                USBD_LL_StallEP
 .text.USBD_LL_ClearStallEP
                0x0800cd4c       0x1c ../../libDaisy/build\libdaisy.a(usbd_conf.o)
                0x0800cd4c                USBD_LL_ClearStallEP
 .text.USBD_LL_IsStallEP
                0x0800cd68       0x28 ../../libDaisy/build\libdaisy.a(usbd_conf.o)
                0x0800cd68                USBD_LL_IsStallEP
 .text.USBD_LL_SetUSBAddress
                0x0800cd90       0x1c ../../libDaisy/build\libdaisy.a(usbd_conf.o)
                0x0800cd90                USBD_LL_SetUSBAddress
 .text.USBD_LL_Transmit
                0x0800cdac       0x1c ../../libDaisy/build\libdaisy.a(usbd_conf.o)
                0x0800cdac                USBD_LL_Transmit
 .text.USBD_LL_PrepareReceive
                0x0800cdc8       0x1c ../../libDaisy/build\libdaisy.a(usbd_conf.o)
                0x0800cdc8                USBD_LL_PrepareReceive
 .text.USBD_LL_GetRxDataSize
                0x0800cde4        0x8 ../../libDaisy/build\libdaisy.a(usbd_conf.o)
                0x0800cde4                USBD_LL_GetRxDataSize
 .text.USBD_HS_DeviceDescriptor
                0x0800cdec        0xc ../../libDaisy/build\libdaisy.a(usbd_desc.o)
                0x0800cdec                USBD_HS_DeviceDescriptor
 .text.USBD_FS_DeviceDescriptor
                0x0800cdf8        0xc ../../libDaisy/build\libdaisy.a(usbd_desc.o)
                0x0800cdf8                USBD_FS_DeviceDescriptor
 .text.USBD_FS_LangIDStrDescriptor
                0x0800ce04        0xc ../../libDaisy/build\libdaisy.a(usbd_desc.o)
                0x0800ce04                USBD_FS_LangIDStrDescriptor
 .text.USBD_FS_ManufacturerStrDescriptor
                0x0800ce10       0x1c ../../libDaisy/build\libdaisy.a(usbd_desc.o)
                0x0800ce10                USBD_FS_ManufacturerStrDescriptor
 .text.USBD_HS_ProductStrDescriptor
                0x0800ce2c       0x1c ../../libDaisy/build\libdaisy.a(usbd_desc.o)
                0x0800ce2c                USBD_HS_ProductStrDescriptor
 .text.USBD_FS_ConfigStrDescriptor
                0x0800ce48       0x1c ../../libDaisy/build\libdaisy.a(usbd_desc.o)
                0x0800ce48                USBD_FS_ConfigStrDescriptor
 .text.USBD_FS_InterfaceStrDescriptor
                0x0800ce64       0x1c ../../libDaisy/build\libdaisy.a(usbd_desc.o)
                0x0800ce64                USBD_FS_InterfaceStrDescriptor
 .text.USBD_FS_ProductStrDescriptor
                0x0800ce80       0x1c ../../libDaisy/build\libdaisy.a(usbd_desc.o)
                0x0800ce80                USBD_FS_ProductStrDescriptor
 .text.USBD_HS_LangIDStrDescriptor
                0x0800ce9c        0xc ../../libDaisy/build\libdaisy.a(usbd_desc.o)
                0x0800ce9c                USBD_HS_LangIDStrDescriptor
 .text.USBD_HS_ManufacturerStrDescriptor
                0x0800cea8       0x1c ../../libDaisy/build\libdaisy.a(usbd_desc.o)
                0x0800cea8                USBD_HS_ManufacturerStrDescriptor
 .text.USBD_FS_SerialStrDescriptor
                0x0800cec4      0x124 ../../libDaisy/build\libdaisy.a(usbd_desc.o)
                0x0800cec4                USBD_FS_SerialStrDescriptor
 .text.USBD_HS_SerialStrDescriptor
                0x0800cfe8      0x124 ../../libDaisy/build\libdaisy.a(usbd_desc.o)
                0x0800cfe8                USBD_HS_SerialStrDescriptor
 .text.USBD_HS_InterfaceStrDescriptor
                0x0800d10c       0x1c ../../libDaisy/build\libdaisy.a(usbd_desc.o)
                0x0800d10c                USBD_HS_InterfaceStrDescriptor
 .text.USBD_HS_ConfigStrDescriptor
                0x0800d128       0x1c ../../libDaisy/build\libdaisy.a(usbd_desc.o)
                0x0800d128                USBD_HS_ConfigStrDescriptor
 .text.HAL_HCD_SOF_Callback
                0x0800d144        0x8 ../../libDaisy/build\libdaisy.a(usbh_conf.o)
                0x0800d144                HAL_HCD_SOF_Callback
 .text.HAL_HCD_Connect_Callback
                0x0800d14c        0x8 ../../libDaisy/build\libdaisy.a(usbh_conf.o)
                0x0800d14c                HAL_HCD_Connect_Callback
 .text.HAL_HCD_Disconnect_Callback
                0x0800d154        0x8 ../../libDaisy/build\libdaisy.a(usbh_conf.o)
                0x0800d154                HAL_HCD_Disconnect_Callback
 .text.HAL_HCD_HC_NotifyURBChange_Callback
                0x0800d15c        0x4 ../../libDaisy/build\libdaisy.a(usbh_conf.o)
                0x0800d15c                HAL_HCD_HC_NotifyURBChange_Callback
 .text.HAL_HCD_PortEnabled_Callback
                0x0800d160        0x8 ../../libDaisy/build\libdaisy.a(usbh_conf.o)
                0x0800d160                HAL_HCD_PortEnabled_Callback
 .text.HAL_HCD_PortDisabled_Callback
                0x0800d168        0x8 ../../libDaisy/build\libdaisy.a(usbh_conf.o)
                0x0800d168                HAL_HCD_PortDisabled_Callback
 .text.USBH_LL_Stop
                0x0800d170       0x1c ../../libDaisy/build\libdaisy.a(usbh_conf.o)
                0x0800d170                USBH_LL_Stop
 .text.HAL_MspInit
                0x0800d18c        0x4 ../../libDaisy/build\libdaisy.a(stm32h7xx_hal.o)
                0x0800d18c                HAL_MspInit
 .text.HAL_InitTick
                0x0800d190       0x4c ../../libDaisy/build\libdaisy.a(stm32h7xx_hal.o)
                0x0800d190                HAL_InitTick
 .text.HAL_Init
                0x0800d1dc       0x60 ../../libDaisy/build\libdaisy.a(stm32h7xx_hal.o)
                0x0800d1dc                HAL_Init
 .text.HAL_IncTick
                0x0800d23c       0x18 ../../libDaisy/build\libdaisy.a(stm32h7xx_hal.o)
                0x0800d23c                HAL_IncTick
 .text.HAL_GetTick
                0x0800d254        0xc ../../libDaisy/build\libdaisy.a(stm32h7xx_hal.o)
                0x0800d254                HAL_GetTick
 .text.HAL_Delay
                0x0800d260       0x24 ../../libDaisy/build\libdaisy.a(stm32h7xx_hal.o)
                0x0800d260                HAL_Delay
 .text.HAL_GetREVID
                0x0800d284        0xc ../../libDaisy/build\libdaisy.a(stm32h7xx_hal.o)
                0x0800d284                HAL_GetREVID
 .text.HAL_ADC_ConvHalfCpltCallback
                0x0800d290        0x4 ../../libDaisy/build\libdaisy.a(stm32h7xx_hal_adc.o)
                0x0800d290                HAL_ADC_ConvHalfCpltCallback
 .text.ADC_DMAHalfConvCplt
                0x0800d294        0xc ../../libDaisy/build\libdaisy.a(stm32h7xx_hal_adc.o)
                0x0800d294                ADC_DMAHalfConvCplt
 .text.ADC_DMAConvCplt
                0x0800d2a0       0x6c ../../libDaisy/build\libdaisy.a(stm32h7xx_hal_adc.o)
                0x0800d2a0                ADC_DMAConvCplt
 .text.ADC_DMAError
                0x0800d30c       0x1c ../../libDaisy/build\libdaisy.a(stm32h7xx_hal_adc.o)
                0x0800d30c                ADC_DMAError
 .text.HAL_ADC_ConfigChannel
                0x0800d328      0x440 ../../libDaisy/build\libdaisy.a(stm32h7xx_hal_adc.o)
                0x0800d328                HAL_ADC_ConfigChannel
 .text.ADC_Enable
                0x0800d768       0xac ../../libDaisy/build\libdaisy.a(stm32h7xx_hal_adc.o)
                0x0800d768                ADC_Enable
 .text.HAL_ADC_Start_DMA
                0x0800d814      0x124 ../../libDaisy/build\libdaisy.a(stm32h7xx_hal_adc.o)
                0x0800d814                HAL_ADC_Start_DMA
 .text.ADC_Disable
                0x0800d938       0x74 ../../libDaisy/build\libdaisy.a(stm32h7xx_hal_adc.o)
                0x0800d938                ADC_Disable
 .text.ADC_ConfigureBoostMode
                0x0800d9ac      0x17c ../../libDaisy/build\libdaisy.a(stm32h7xx_hal_adc.o)
                0x0800d9ac                ADC_ConfigureBoostMode
 .text.HAL_ADC_Init
                0x0800db28      0x21c ../../libDaisy/build\libdaisy.a(stm32h7xx_hal_adc.o)
                0x0800db28                HAL_ADC_Init
 .text.HAL_ADCEx_Calibration_Start
                0x0800dd44       0xa4 ../../libDaisy/build\libdaisy.a(stm32h7xx_hal_adc_ex.o)
                0x0800dd44                HAL_ADCEx_Calibration_Start
 .text.HAL_ADCEx_MultiModeConfigChannel
                0x0800dde8       0xd0 ../../libDaisy/build\libdaisy.a(stm32h7xx_hal_adc_ex.o)
                0x0800dde8                HAL_ADCEx_MultiModeConfigChannel
 .text.HAL_NVIC_SetPriorityGrouping
                0x0800deb8       0x24 ../../libDaisy/build\libdaisy.a(stm32h7xx_hal_cortex.o)
                0x0800deb8                HAL_NVIC_SetPriorityGrouping
 .text.HAL_NVIC_SetPriority
                0x0800dedc       0x7c ../../libDaisy/build\libdaisy.a(stm32h7xx_hal_cortex.o)
                0x0800dedc                HAL_NVIC_SetPriority
 .text.HAL_NVIC_EnableIRQ
                0x0800df58       0x1c ../../libDaisy/build\libdaisy.a(stm32h7xx_hal_cortex.o)
                0x0800df58                HAL_NVIC_EnableIRQ
 .text.HAL_NVIC_DisableIRQ
                0x0800df74       0x28 ../../libDaisy/build\libdaisy.a(stm32h7xx_hal_cortex.o)
                0x0800df74                HAL_NVIC_DisableIRQ
 .text.HAL_SYSTICK_Config
                0x0800df9c       0x2c ../../libDaisy/build\libdaisy.a(stm32h7xx_hal_cortex.o)
                0x0800df9c                HAL_SYSTICK_Config
 .text.HAL_MPU_Disable
                0x0800dfc8       0x1c ../../libDaisy/build\libdaisy.a(stm32h7xx_hal_cortex.o)
                0x0800dfc8                HAL_MPU_Disable
 .text.HAL_MPU_Enable
                0x0800dfe4       0x20 ../../libDaisy/build\libdaisy.a(stm32h7xx_hal_cortex.o)
                0x0800dfe4                HAL_MPU_Enable
 .text.HAL_MPU_ConfigRegion
                0x0800e004       0x64 ../../libDaisy/build\libdaisy.a(stm32h7xx_hal_cortex.o)
                0x0800e004                HAL_MPU_ConfigRegion
 .text.HAL_SYSTICK_Callback
                0x0800e068        0x4 ../../libDaisy/build\libdaisy.a(stm32h7xx_hal_cortex.o)
                0x0800e068                HAL_SYSTICK_Callback
 .text.HAL_SYSTICK_IRQHandler
                0x0800e06c        0x8 ../../libDaisy/build\libdaisy.a(stm32h7xx_hal_cortex.o)
                0x0800e06c                HAL_SYSTICK_IRQHandler
 .text.HAL_DAC_Init
                0x0800e074       0x2c ../../libDaisy/build\libdaisy.a(stm32h7xx_hal_dac.o)
                0x0800e074                HAL_DAC_Init
 .text.HAL_DAC_Start
                0x0800e0a0       0x68 ../../libDaisy/build\libdaisy.a(stm32h7xx_hal_dac.o)
                0x0800e0a0                HAL_DAC_Start
 .text.HAL_DAC_SetValue
                0x0800e108       0x30 ../../libDaisy/build\libdaisy.a(stm32h7xx_hal_dac.o)
                0x0800e108                HAL_DAC_SetValue
 .text.HAL_DAC_DMAUnderrunCallbackCh1
                0x0800e138        0x4 ../../libDaisy/build\libdaisy.a(stm32h7xx_hal_dac.o)
                0x0800e138                HAL_DAC_DMAUnderrunCallbackCh1
 .text.HAL_DAC_IRQHandler
                0x0800e13c       0x68 ../../libDaisy/build\libdaisy.a(stm32h7xx_hal_dac.o)
                0x0800e13c                HAL_DAC_IRQHandler
 .text.HAL_DAC_ConfigChannel
                0x0800e1a4      0x15c ../../libDaisy/build\libdaisy.a(stm32h7xx_hal_dac.o)
                0x0800e1a4                HAL_DAC_ConfigChannel
 .text.HAL_DACEx_DMAUnderrunCallbackCh2
                0x0800e300        0x4 ../../libDaisy/build\libdaisy.a(stm32h7xx_hal_dac_ex.o)
                0x0800e300                HAL_DACEx_DMAUnderrunCallbackCh2
 .text.DMA_CalcBaseAndBitshift
                0x0800e304       0xf4 ../../libDaisy/build\libdaisy.a(stm32h7xx_hal_dma.o)
 .text.DMA_CalcDMAMUXChannelBaseAndMask
                0x0800e3f8       0xd8 ../../libDaisy/build\libdaisy.a(stm32h7xx_hal_dma.o)
 .text.HAL_DMA_Init
                0x0800e4d0      0x4dc ../../libDaisy/build\libdaisy.a(stm32h7xx_hal_dma.o)
                0x0800e4d0                HAL_DMA_Init
 .text.HAL_DMA_Start_IT
                0x0800e9ac      0x344 ../../libDaisy/build\libdaisy.a(stm32h7xx_hal_dma.o)
                0x0800e9ac                HAL_DMA_Start_IT
 .text.HAL_DMA_Abort
                0x0800ecf0      0x2f0 ../../libDaisy/build\libdaisy.a(stm32h7xx_hal_dma.o)
                0x0800ecf0                HAL_DMA_Abort
 .text.HAL_DMA_Abort_IT
                0x0800efe0      0x194 ../../libDaisy/build\libdaisy.a(stm32h7xx_hal_dma.o)
                0x0800efe0                HAL_DMA_Abort_IT
 .text.HAL_DMA_IRQHandler
                0x0800f174      0x6a0 ../../libDaisy/build\libdaisy.a(stm32h7xx_hal_dma.o)
                0x0800f174                HAL_DMA_IRQHandler
 .text.HAL_DMA_GetError
                0x0800f814        0x4 ../../libDaisy/build\libdaisy.a(stm32h7xx_hal_dma.o)
                0x0800f814                HAL_DMA_GetError
 .text.HAL_GPIO_Init
                0x0800f818      0x274 ../../libDaisy/build\libdaisy.a(stm32h7xx_hal_gpio.o)
                0x0800f818                HAL_GPIO_Init
 .text.HAL_GPIO_DeInit
                0x0800fa8c      0x190 ../../libDaisy/build\libdaisy.a(stm32h7xx_hal_gpio.o)
                0x0800fa8c                HAL_GPIO_DeInit
 .text.HAL_GPIO_ReadPin
                0x0800fc1c        0xc ../../libDaisy/build\libdaisy.a(stm32h7xx_hal_gpio.o)
                0x0800fc1c                HAL_GPIO_ReadPin
 .text.HAL_GPIO_WritePin
                0x0800fc28        0x8 ../../libDaisy/build\libdaisy.a(stm32h7xx_hal_gpio.o)
                0x0800fc28                HAL_GPIO_WritePin
 .text.HAL_HCD_IRQHandler
                0x0800fc30      0x8f4 ../../libDaisy/build\libdaisy.a(stm32h7xx_hal_hcd.o)
                0x0800fc30                HAL_HCD_IRQHandler
 .text.HAL_HCD_Stop
                0x08010524       0x28 ../../libDaisy/build\libdaisy.a(stm32h7xx_hal_hcd.o)
                0x08010524                HAL_HCD_Stop
 .text.I2C_WaitOnTXISFlagUntilTimeout
                0x0801054c      0x16c ../../libDaisy/build\libdaisy.a(stm32h7xx_hal_i2c.o)
 .text.I2C_WaitOnSTOPFlagUntilTimeout
                0x080106b8      0x168 ../../libDaisy/build\libdaisy.a(stm32h7xx_hal_i2c.o)
 .text.HAL_I2C_Init
                0x08010820       0xac ../../libDaisy/build\libdaisy.a(stm32h7xx_hal_i2c.o)
                0x08010820                HAL_I2C_Init
 .text.HAL_I2C_Master_Transmit
                0x080108cc      0x37c ../../libDaisy/build\libdaisy.a(stm32h7xx_hal_i2c.o)
                0x080108cc                HAL_I2C_Master_Transmit
 .text.HAL_I2C_Slave_Transmit
                0x08010c48      0x254 ../../libDaisy/build\libdaisy.a(stm32h7xx_hal_i2c.o)
                0x08010c48                HAL_I2C_Slave_Transmit
 .text.HAL_I2C_EV_IRQHandler
                0x08010e9c       0x10 ../../libDaisy/build\libdaisy.a(stm32h7xx_hal_i2c.o)
                0x08010e9c                HAL_I2C_EV_IRQHandler
 .text.HAL_I2C_GetState
                0x08010eac        0x8 ../../libDaisy/build\libdaisy.a(stm32h7xx_hal_i2c.o)
                0x08010eac                HAL_I2C_GetState
 .text.HAL_I2CEx_ConfigAnalogFilter
                0x08010eb4       0x54 ../../libDaisy/build\libdaisy.a(stm32h7xx_hal_i2c_ex.o)
                0x08010eb4                HAL_I2CEx_ConfigAnalogFilter
 .text.HAL_I2CEx_ConfigDigitalFilter
                0x08010f08       0x58 ../../libDaisy/build\libdaisy.a(stm32h7xx_hal_i2c_ex.o)
                0x08010f08                HAL_I2CEx_ConfigDigitalFilter
 .text.HAL_PCD_Init
                0x08010f60      0x11c ../../libDaisy/build\libdaisy.a(stm32h7xx_hal_pcd.o)
                0x08010f60                HAL_PCD_Init
 .text.HAL_PCD_Start
                0x0801107c       0x44 ../../libDaisy/build\libdaisy.a(stm32h7xx_hal_pcd.o)
                0x0801107c                HAL_PCD_Start
 .text.HAL_PCD_IRQHandler
                0x080110c0      0xb48 ../../libDaisy/build\libdaisy.a(stm32h7xx_hal_pcd.o)
                0x080110c0                HAL_PCD_IRQHandler
 .text.HAL_PCD_SetAddress
                0x08011c08       0x2c ../../libDaisy/build\libdaisy.a(stm32h7xx_hal_pcd.o)
                0x08011c08                HAL_PCD_SetAddress
 .text.HAL_PCD_EP_Open
                0x08011c34       0x7c ../../libDaisy/build\libdaisy.a(stm32h7xx_hal_pcd.o)
                0x08011c34                HAL_PCD_EP_Open
 .text.HAL_PCD_EP_Close
                0x08011cb0       0x6c ../../libDaisy/build\libdaisy.a(stm32h7xx_hal_pcd.o)
                0x08011cb0                HAL_PCD_EP_Close
 .text.HAL_PCD_EP_Receive
                0x08011d1c       0x44 ../../libDaisy/build\libdaisy.a(stm32h7xx_hal_pcd.o)
                0x08011d1c                HAL_PCD_EP_Receive
 .text.HAL_PCD_EP_GetRxCount
                0x08011d60       0x14 ../../libDaisy/build\libdaisy.a(stm32h7xx_hal_pcd.o)
                0x08011d60                HAL_PCD_EP_GetRxCount
 .text.HAL_PCD_EP_Transmit
                0x08011d74       0x44 ../../libDaisy/build\libdaisy.a(stm32h7xx_hal_pcd.o)
                0x08011d74                HAL_PCD_EP_Transmit
 .text.HAL_PCD_EP_SetStall
                0x08011db8       0x88 ../../libDaisy/build\libdaisy.a(stm32h7xx_hal_pcd.o)
                0x08011db8                HAL_PCD_EP_SetStall
 .text.HAL_PCD_EP_ClrStall
                0x08011e40       0x78 ../../libDaisy/build\libdaisy.a(stm32h7xx_hal_pcd.o)
                0x08011e40                HAL_PCD_EP_ClrStall
 .text.HAL_PCDEx_SetTxFiFo
                0x08011eb8       0x54 ../../libDaisy/build\libdaisy.a(stm32h7xx_hal_pcd_ex.o)
                0x08011eb8                HAL_PCDEx_SetTxFiFo
 .text.HAL_PCDEx_SetRxFiFo
                0x08011f0c        0xc ../../libDaisy/build\libdaisy.a(stm32h7xx_hal_pcd_ex.o)
                0x08011f0c                HAL_PCDEx_SetRxFiFo
 .text.HAL_PCDEx_ActivateLPM
                0x08011f18       0x30 ../../libDaisy/build\libdaisy.a(stm32h7xx_hal_pcd_ex.o)
                0x08011f18                HAL_PCDEx_ActivateLPM
 .text.HAL_PCDEx_LPM_Callback
                0x08011f48        0x4 ../../libDaisy/build\libdaisy.a(stm32h7xx_hal_pcd_ex.o)
                0x08011f48                HAL_PCDEx_LPM_Callback
 .text.HAL_PWREx_ConfigSupply
                0x08011f4c       0x48 ../../libDaisy/build\libdaisy.a(stm32h7xx_hal_pwr_ex.o)
                0x08011f4c                HAL_PWREx_ConfigSupply
 .text.HAL_PWREx_EnableUSBVoltageDetector
                0x08011f94       0x10 ../../libDaisy/build\libdaisy.a(stm32h7xx_hal_pwr_ex.o)
                0x08011f94                HAL_PWREx_EnableUSBVoltageDetector
 .text.QSPI_Config
                0x08011fa4      0x174 ../../libDaisy/build\libdaisy.a(stm32h7xx_hal_qspi.o)
 .text.HAL_QSPI_Init
                0x08012118       0xb8 ../../libDaisy/build\libdaisy.a(stm32h7xx_hal_qspi.o)
                0x08012118                HAL_QSPI_Init
 .text.HAL_QSPI_DeInit
                0x080121d0       0x24 ../../libDaisy/build\libdaisy.a(stm32h7xx_hal_qspi.o)
                0x080121d0                HAL_QSPI_DeInit
 .text.HAL_QSPI_Command
                0x080121f4       0xd4 ../../libDaisy/build\libdaisy.a(stm32h7xx_hal_qspi.o)
                0x080121f4                HAL_QSPI_Command
 .text.HAL_QSPI_Transmit
                0x080122c8       0xfc ../../libDaisy/build\libdaisy.a(stm32h7xx_hal_qspi.o)
                0x080122c8                HAL_QSPI_Transmit
 .text.HAL_QSPI_Receive
                0x080123c4      0x108 ../../libDaisy/build\libdaisy.a(stm32h7xx_hal_qspi.o)
                0x080123c4                HAL_QSPI_Receive
 .text.HAL_QSPI_AutoPolling
                0x080124cc       0xf0 ../../libDaisy/build\libdaisy.a(stm32h7xx_hal_qspi.o)
                0x080124cc                HAL_QSPI_AutoPolling
 .text.HAL_QSPI_MemoryMapped
                0x080125bc       0xc0 ../../libDaisy/build\libdaisy.a(stm32h7xx_hal_qspi.o)
                0x080125bc                HAL_QSPI_MemoryMapped
 .text.HAL_QSPI_ErrorCallback
                0x0801267c        0x4 ../../libDaisy/build\libdaisy.a(stm32h7xx_hal_qspi.o)
                0x0801267c                HAL_QSPI_ErrorCallback
 .text.QSPI_DMAAbortCplt
                0x08012680       0x38 ../../libDaisy/build\libdaisy.a(stm32h7xx_hal_qspi.o)
 .text.HAL_QSPI_AbortCpltCallback
                0x080126b8        0x4 ../../libDaisy/build\libdaisy.a(stm32h7xx_hal_qspi.o)
                0x080126b8                HAL_QSPI_AbortCpltCallback
 .text.HAL_QSPI_CmdCpltCallback
                0x080126bc        0x4 ../../libDaisy/build\libdaisy.a(stm32h7xx_hal_qspi.o)
                0x080126bc                HAL_QSPI_CmdCpltCallback
 .text.HAL_QSPI_RxCpltCallback
                0x080126c0        0x4 ../../libDaisy/build\libdaisy.a(stm32h7xx_hal_qspi.o)
                0x080126c0                HAL_QSPI_RxCpltCallback
 .text.HAL_QSPI_TxCpltCallback
                0x080126c4        0x4 ../../libDaisy/build\libdaisy.a(stm32h7xx_hal_qspi.o)
                0x080126c4                HAL_QSPI_TxCpltCallback
 .text.HAL_QSPI_FifoThresholdCallback
                0x080126c8        0x4 ../../libDaisy/build\libdaisy.a(stm32h7xx_hal_qspi.o)
                0x080126c8                HAL_QSPI_FifoThresholdCallback
 .text.HAL_QSPI_StatusMatchCallback
                0x080126cc        0x4 ../../libDaisy/build\libdaisy.a(stm32h7xx_hal_qspi.o)
                0x080126cc                HAL_QSPI_StatusMatchCallback
 .text.HAL_QSPI_TimeOutCallback
                0x080126d0        0x4 ../../libDaisy/build\libdaisy.a(stm32h7xx_hal_qspi.o)
                0x080126d0                HAL_QSPI_TimeOutCallback
 .text.HAL_QSPI_IRQHandler
                0x080126d4      0x210 ../../libDaisy/build\libdaisy.a(stm32h7xx_hal_qspi.o)
                0x080126d4                HAL_QSPI_IRQHandler
 .text.HAL_RCC_GetSysClockFreq.part.0
                0x080128e4      0x130 ../../libDaisy/build\libdaisy.a(stm32h7xx_hal_rcc.o)
 .text.HAL_RCC_OscConfig
                0x08012a14      0x5f4 ../../libDaisy/build\libdaisy.a(stm32h7xx_hal_rcc.o)
                0x08012a14                HAL_RCC_OscConfig
 .text.HAL_RCC_GetSysClockFreq
                0x08013008      0x140 ../../libDaisy/build\libdaisy.a(stm32h7xx_hal_rcc.o)
                0x08013008                HAL_RCC_GetSysClockFreq
 .text.HAL_RCC_ClockConfig
                0x08013148      0x250 ../../libDaisy/build\libdaisy.a(stm32h7xx_hal_rcc.o)
                0x08013148                HAL_RCC_ClockConfig
 .text.HAL_RCC_GetHCLKFreq
                0x08013398       0x80 ../../libDaisy/build\libdaisy.a(stm32h7xx_hal_rcc.o)
                0x08013398                HAL_RCC_GetHCLKFreq
 .text.HAL_RCC_GetPCLK1Freq
                0x08013418       0x90 ../../libDaisy/build\libdaisy.a(stm32h7xx_hal_rcc.o)
                0x08013418                HAL_RCC_GetPCLK1Freq
 .text.HAL_RCC_GetPCLK2Freq
                0x080134a8       0x90 ../../libDaisy/build\libdaisy.a(stm32h7xx_hal_rcc.o)
                0x080134a8                HAL_RCC_GetPCLK2Freq
 .text.RCCEx_PLL2_Config
                0x08013538       0xf4 ../../libDaisy/build\libdaisy.a(stm32h7xx_hal_rcc_ex.o)
 .text.RCCEx_PLL3_Config
                0x0801362c       0xf4 ../../libDaisy/build\libdaisy.a(stm32h7xx_hal_rcc_ex.o)
 .text.HAL_RCCEx_PeriphCLKConfig
                0x08013720      0xbf8 ../../libDaisy/build\libdaisy.a(stm32h7xx_hal_rcc_ex.o)
                0x08013720                HAL_RCCEx_PeriphCLKConfig
 .text.HAL_RCCEx_GetD3PCLK1Freq
                0x08014318       0x24 ../../libDaisy/build\libdaisy.a(stm32h7xx_hal_rcc_ex.o)
                0x08014318                HAL_RCCEx_GetD3PCLK1Freq
 .text.HAL_RCCEx_GetPLL2ClockFreq
                0x0801433c      0x17c ../../libDaisy/build\libdaisy.a(stm32h7xx_hal_rcc_ex.o)
                0x0801433c                HAL_RCCEx_GetPLL2ClockFreq
 .text.HAL_RCCEx_GetPLL3ClockFreq
                0x080144b8      0x17c ../../libDaisy/build\libdaisy.a(stm32h7xx_hal_rcc_ex.o)
                0x080144b8                HAL_RCCEx_GetPLL3ClockFreq
 .text.HAL_RCCEx_GetPLL1ClockFreq
                0x08014634      0x18c ../../libDaisy/build\libdaisy.a(stm32h7xx_hal_rcc_ex.o)
                0x08014634                HAL_RCCEx_GetPLL1ClockFreq
 .text.HAL_RCCEx_GetPeriphCLKFreq
                0x080147c0      0x390 ../../libDaisy/build\libdaisy.a(stm32h7xx_hal_rcc_ex.o)
                0x080147c0                HAL_RCCEx_GetPeriphCLKFreq
 .text.HAL_SAI_Init.part.0
                0x08014b50      0x390 ../../libDaisy/build\libdaisy.a(stm32h7xx_hal_sai.o)
 .text.HAL_SAI_InitProtocol
                0x08014ee0      0x174 ../../libDaisy/build\libdaisy.a(stm32h7xx_hal_sai.o)
                0x08014ee0                HAL_SAI_InitProtocol
 .text.HAL_SAI_Transmit_DMA
                0x08015054      0x124 ../../libDaisy/build\libdaisy.a(stm32h7xx_hal_sai.o)
                0x08015054                HAL_SAI_Transmit_DMA
 .text.HAL_SAI_Receive_DMA
                0x08015178       0xd0 ../../libDaisy/build\libdaisy.a(stm32h7xx_hal_sai.o)
                0x08015178                HAL_SAI_Receive_DMA
 .text.HAL_SAI_TxCpltCallback
                0x08015248        0x4 ../../libDaisy/build\libdaisy.a(stm32h7xx_hal_sai.o)
                0x08015248                HAL_SAI_TxCpltCallback
 .text.SAI_DMATxCplt
                0x0801524c       0x64 ../../libDaisy/build\libdaisy.a(stm32h7xx_hal_sai.o)
 .text.HAL_SAI_TxHalfCpltCallback
                0x080152b0        0x4 ../../libDaisy/build\libdaisy.a(stm32h7xx_hal_sai.o)
                0x080152b0                HAL_SAI_TxHalfCpltCallback
 .text.SAI_DMATxHalfCplt
                0x080152b4        0xc ../../libDaisy/build\libdaisy.a(stm32h7xx_hal_sai.o)
 .text.SAI_DMARxCplt
                0x080152c0       0x64 ../../libDaisy/build\libdaisy.a(stm32h7xx_hal_sai.o)
 .text.SAI_DMARxHalfCplt
                0x08015324        0xc ../../libDaisy/build\libdaisy.a(stm32h7xx_hal_sai.o)
 .text.HAL_SAI_ErrorCallback
                0x08015330        0x4 ../../libDaisy/build\libdaisy.a(stm32h7xx_hal_sai.o)
                0x08015330                HAL_SAI_ErrorCallback
 .text.SAI_DMAError
                0x08015334       0x6c ../../libDaisy/build\libdaisy.a(stm32h7xx_hal_sai.o)
 .text.HAL_SDRAM_Init
                0x080153a0       0x54 ../../libDaisy/build\libdaisy.a(stm32h7xx_hal_sdram.o)
                0x080153a0                HAL_SDRAM_Init
 .text.HAL_SDRAM_SendCommand
                0x080153f4       0x40 ../../libDaisy/build\libdaisy.a(stm32h7xx_hal_sdram.o)
                0x080153f4                HAL_SDRAM_SendCommand
 .text.HAL_SDRAM_ProgramRefreshRate
                0x08015434       0x30 ../../libDaisy/build\libdaisy.a(stm32h7xx_hal_sdram.o)
                0x08015434                HAL_SDRAM_ProgramRefreshRate
 .text.SPI_CloseTransfer
                0x08015464       0xb8 ../../libDaisy/build\libdaisy.a(stm32h7xx_hal_spi.o)
 .text.HAL_SPI_Init
                0x0801551c      0x1a8 ../../libDaisy/build\libdaisy.a(stm32h7xx_hal_spi.o)
                0x0801551c                HAL_SPI_Init
 .text.HAL_SPI_Transmit
                0x080156c4      0x32c ../../libDaisy/build\libdaisy.a(stm32h7xx_hal_spi.o)
                0x080156c4                HAL_SPI_Transmit